/home/pranay/iitd/sem7/col788/STSW-STLKT01_V2.5.0/Drivers/BSP/SensorTile/SensorTile_env_sensors.c:673:16:BSP_LPS22HB_WriteReg	24	static
/home/pranay/iitd/sem7/col788/STSW-STLKT01_V2.5.0/Drivers/BSP/SensorTile/SensorTile_env_sensors.c:653:16:BSP_LPS22HB_DeInit	8	static
/home/pranay/iitd/sem7/col788/STSW-STLKT01_V2.5.0/Drivers/BSP/SensorTile/SensorTile_env_sensors.c:625:16:BSP_LPS22HB_Init	40	static
/home/pranay/iitd/sem7/col788/STSW-STLKT01_V2.5.0/Drivers/BSP/SensorTile/SensorTile_env_sensors.c:705:16:BSP_LPS22HB_ReadReg	24	static
/home/pranay/iitd/sem7/col788/STSW-STLKT01_V2.5.0/Drivers/BSP/SensorTile/SensorTile_env_sensors.c:80:9:BSP_ENV_SENSOR_Init	88	static
/home/pranay/iitd/sem7/col788/STSW-STLKT01_V2.5.0/Drivers/BSP/SensorTile/SensorTile_env_sensors.c:168:9:BSP_ENV_SENSOR_DeInit	8	static
/home/pranay/iitd/sem7/col788/STSW-STLKT01_V2.5.0/Drivers/BSP/SensorTile/SensorTile_env_sensors.c:194:9:BSP_ENV_SENSOR_GetCapabilities	8	static
/home/pranay/iitd/sem7/col788/STSW-STLKT01_V2.5.0/Drivers/BSP/SensorTile/SensorTile_env_sensors.c:220:9:BSP_ENV_SENSOR_ReadID	8	static
/home/pranay/iitd/sem7/col788/STSW-STLKT01_V2.5.0/Drivers/BSP/SensorTile/SensorTile_env_sensors.c:249:9:BSP_ENV_SENSOR_Enable	8	static
/home/pranay/iitd/sem7/col788/STSW-STLKT01_V2.5.0/Drivers/BSP/SensorTile/SensorTile_env_sensors.c:288:9:BSP_ENV_SENSOR_Disable	8	static
/home/pranay/iitd/sem7/col788/STSW-STLKT01_V2.5.0/Drivers/BSP/SensorTile/SensorTile_env_sensors.c:328:9:BSP_ENV_SENSOR_GetOutputDataRate	8	static
/home/pranay/iitd/sem7/col788/STSW-STLKT01_V2.5.0/Drivers/BSP/SensorTile/SensorTile_env_sensors.c:368:9:BSP_ENV_SENSOR_SetOutputDataRate	8	static
/home/pranay/iitd/sem7/col788/STSW-STLKT01_V2.5.0/Drivers/BSP/SensorTile/SensorTile_env_sensors.c:408:9:BSP_ENV_SENSOR_GetValue	8	static
