/home/pranay/iitd/sem7/col788/STSW-STLKT01_V2.5.0/Drivers/BSP/SensorTile/SensorTile_motion_sensors.c:765:16:BSP_LSM6DSM_WriteReg	24	static
/home/pranay/iitd/sem7/col788/STSW-STLKT01_V2.5.0/Drivers/BSP/SensorTile/SensorTile_motion_sensors.c:1098:16:BSP_LSM303AGR_WriteReg	24	static
/home/pranay/iitd/sem7/col788/STSW-STLKT01_V2.5.0/Drivers/BSP/SensorTile/SensorTile_motion_sensors.c:745:16:BSP_LSM6DSM_DeInit	8	static
/home/pranay/iitd/sem7/col788/STSW-STLKT01_V2.5.0/Drivers/BSP/SensorTile/SensorTile_motion_sensors.c:717:16:BSP_LSM6DSM_Init	40	static
/home/pranay/iitd/sem7/col788/STSW-STLKT01_V2.5.0/Drivers/BSP/SensorTile/SensorTile_motion_sensors.c:1047:16:BSP_LSM303AGR_Init	48	static
/home/pranay/iitd/sem7/col788/STSW-STLKT01_V2.5.0/Drivers/BSP/SensorTile/SensorTile_motion_sensors.c:1077:16:BSP_LSM303AGR_DeInit	8	static
/home/pranay/iitd/sem7/col788/STSW-STLKT01_V2.5.0/Drivers/BSP/SensorTile/SensorTile_motion_sensors.c:1130:16:BSP_LSM303AGR_ReadReg	24	static
/home/pranay/iitd/sem7/col788/STSW-STLKT01_V2.5.0/Drivers/BSP/SensorTile/SensorTile_motion_sensors.c:797:16:BSP_LSM6DSM_ReadReg	24	static
/home/pranay/iitd/sem7/col788/STSW-STLKT01_V2.5.0/Drivers/BSP/SensorTile/SensorTile_motion_sensors.c:92:9:BSP_MOTION_SENSOR_Init	96	static
/home/pranay/iitd/sem7/col788/STSW-STLKT01_V2.5.0/Drivers/BSP/SensorTile/SensorTile_motion_sensors.c:204:9:BSP_MOTION_SENSOR_DeInit	8	static
/home/pranay/iitd/sem7/col788/STSW-STLKT01_V2.5.0/Drivers/BSP/SensorTile/SensorTile_motion_sensors.c:230:9:BSP_MOTION_SENSOR_GetCapabilities	8	static
/home/pranay/iitd/sem7/col788/STSW-STLKT01_V2.5.0/Drivers/BSP/SensorTile/SensorTile_motion_sensors.c:256:9:BSP_MOTION_SENSOR_ReadID	8	static
/home/pranay/iitd/sem7/col788/STSW-STLKT01_V2.5.0/Drivers/BSP/SensorTile/SensorTile_motion_sensors.c:285:9:BSP_MOTION_SENSOR_Enable	8	static
/home/pranay/iitd/sem7/col788/STSW-STLKT01_V2.5.0/Drivers/BSP/SensorTile/SensorTile_motion_sensors.c:324:9:BSP_MOTION_SENSOR_Disable	8	static
/home/pranay/iitd/sem7/col788/STSW-STLKT01_V2.5.0/Drivers/BSP/SensorTile/SensorTile_motion_sensors.c:364:9:BSP_MOTION_SENSOR_GetAxes	8	static
/home/pranay/iitd/sem7/col788/STSW-STLKT01_V2.5.0/Drivers/BSP/SensorTile/SensorTile_motion_sensors.c:404:9:BSP_MOTION_SENSOR_GetAxesRaw	8	static
/home/pranay/iitd/sem7/col788/STSW-STLKT01_V2.5.0/Drivers/BSP/SensorTile/SensorTile_motion_sensors.c:444:9:BSP_MOTION_SENSOR_GetSensitivity	8	static
/home/pranay/iitd/sem7/col788/STSW-STLKT01_V2.5.0/Drivers/BSP/SensorTile/SensorTile_motion_sensors.c:485:9:BSP_MOTION_SENSOR_GetOutputDataRate	8	static
/home/pranay/iitd/sem7/col788/STSW-STLKT01_V2.5.0/Drivers/BSP/SensorTile/SensorTile_motion_sensors.c:525:9:BSP_MOTION_SENSOR_GetFullScale	8	static
/home/pranay/iitd/sem7/col788/STSW-STLKT01_V2.5.0/Drivers/BSP/SensorTile/SensorTile_motion_sensors.c:565:9:BSP_MOTION_SENSOR_SetOutputDataRate	8	static
/home/pranay/iitd/sem7/col788/STSW-STLKT01_V2.5.0/Drivers/BSP/SensorTile/SensorTile_motion_sensors.c:605:9:BSP_MOTION_SENSOR_SetFullScale	8	static
