/home/pranay/iitd/sem7/col788/STSW-STLKT01_V2.5.0/Drivers/BSP/SensorTile/SensorTile.c:259:13:SD_IO_SPI_MspInit.constprop	72	static
/home/pranay/iitd/sem7/col788/STSW-STLKT01_V2.5.0/Drivers/BSP/SensorTile/SensorTile.c:143:10:BSP_GetVersion	0	static
/home/pranay/iitd/sem7/col788/STSW-STLKT01_V2.5.0/Drivers/BSP/SensorTile/SensorTile.c:156:6:BSP_LED_Init	48	static
/home/pranay/iitd/sem7/col788/STSW-STLKT01_V2.5.0/Drivers/BSP/SensorTile/SensorTile.c:188:6:BSP_LED_DeInit	0	static
/home/pranay/iitd/sem7/col788/STSW-STLKT01_V2.5.0/Drivers/BSP/SensorTile/SensorTile.c:203:6:BSP_LED_On	0	static
/home/pranay/iitd/sem7/col788/STSW-STLKT01_V2.5.0/Drivers/BSP/SensorTile/SensorTile.c:225:6:BSP_LED_Off	0	static
/home/pranay/iitd/sem7/col788/STSW-STLKT01_V2.5.0/Drivers/BSP/SensorTile/SensorTile.c:247:6:BSP_LED_Toggle	0	static
/home/pranay/iitd/sem7/col788/STSW-STLKT01_V2.5.0/Drivers/BSP/SensorTile/SensorTile.c:450:6:SD_IO_Init	64	static
/home/pranay/iitd/sem7/col788/STSW-STLKT01_V2.5.0/Drivers/BSP/SensorTile/SensorTile.c:477:6:SD_IO_Init_LS	64	static
/home/pranay/iitd/sem7/col788/STSW-STLKT01_V2.5.0/Drivers/BSP/SensorTile/SensorTile.c:498:6:SD_IO_CS_Init	40	static
/home/pranay/iitd/sem7/col788/STSW-STLKT01_V2.5.0/Drivers/BSP/SensorTile/SensorTile.c:513:6:SD_IO_CS_DeInit	32	static
/home/pranay/iitd/sem7/col788/STSW-STLKT01_V2.5.0/Drivers/BSP/SensorTile/SensorTile.c:531:6:SD_IO_WriteByte	16	static
/home/pranay/iitd/sem7/col788/STSW-STLKT01_V2.5.0/Drivers/BSP/SensorTile/SensorTile.c:544:6:SD_IO_WriteDMA	8	static
/home/pranay/iitd/sem7/col788/STSW-STLKT01_V2.5.0/Drivers/BSP/SensorTile/SensorTile.c:560:9:SD_IO_ReadByte	24	static
/home/pranay/iitd/sem7/col788/STSW-STLKT01_V2.5.0/Drivers/BSP/SensorTile/SensorTile.c:580:9:SD_IO_WriteCmd_wResp	56	static
/home/pranay/iitd/sem7/col788/STSW-STLKT01_V2.5.0/Drivers/BSP/SensorTile/SensorTile.c:619:19:SD_IO_WriteCmd	56	static
/home/pranay/iitd/sem7/col788/STSW-STLKT01_V2.5.0/Drivers/BSP/SensorTile/SensorTile.c:654:19:SD_IO_WaitResponse	48	static
/home/pranay/iitd/sem7/col788/STSW-STLKT01_V2.5.0/Drivers/BSP/SensorTile/SensorTile.c:681:6:SD_IO_WriteDummy	16	static
/home/pranay/iitd/sem7/col788/STSW-STLKT01_V2.5.0/Drivers/BSP/SensorTile/SensorTile.c:696:9:Sensor_IO_SPI_CS_Init_All	64	static
