Archive member included to satisfy reference by file (symbol)

../Middlewares/ST/AI/Lib/NetworkRuntime810_CM4_GCC.a(ai_platform.o)
                              ./X-CUBE-AI/App/audio_model.o (ai_buffer_array_item_set_address)
../Middlewares/ST/AI/Lib/NetworkRuntime810_CM4_GCC.a(ai_platform_interface.o)
                              ./X-CUBE-AI/App/audio_model.o (ai_platform_get_weights_map)
../Middlewares/ST/AI/Lib/NetworkRuntime810_CM4_GCC.a(core_common.o)
                              ../Middlewares/ST/AI/Lib/NetworkRuntime810_CM4_GCC.a(ai_platform_interface.o) (core_init)
../Middlewares/ST/AI/Lib/NetworkRuntime810_CM4_GCC.a(core_convert.o)
                              ./X-CUBE-AI/App/audio_model.o (node_convert)
../Middlewares/ST/AI/Lib/NetworkRuntime810_CM4_GCC.a(core_mem_manager.o)
                              ../Middlewares/ST/AI/Lib/NetworkRuntime810_CM4_GCC.a(ai_platform_interface.o) (core_mem_alloc)
../Middlewares/ST/AI/Lib/NetworkRuntime810_CM4_GCC.a(layers.o)
                              ../Middlewares/ST/AI/Lib/NetworkRuntime810_CM4_GCC.a(ai_platform_interface.o) (ai_check_custom_types)
../Middlewares/ST/AI/Lib/NetworkRuntime810_CM4_GCC.a(layers_conv2d_sssa8_ch.o)
                              ./X-CUBE-AI/App/audio_model.o (forward_conv2d_deep_sssa8_ch_nl_pool)
../Middlewares/ST/AI/Lib/NetworkRuntime810_CM4_GCC.a(layers_conv2d_stm32_integer.o)
                              ../Middlewares/ST/AI/Lib/NetworkRuntime810_CM4_GCC.a(layers.o) (get_conv2d_scratch_size)
../Middlewares/ST/AI/Lib/NetworkRuntime810_CM4_GCC.a(layers_generic_float.o)
                              ./X-CUBE-AI/App/audio_model.o (forward_pad)
../Middlewares/ST/AI/Lib/NetworkRuntime810_CM4_GCC.a(layers_nl_stm32_integer.o)
                              ./X-CUBE-AI/App/audio_model.o (forward_sm_integer)
../Middlewares/ST/AI/Lib/NetworkRuntime810_CM4_GCC.a(layers_pad_generic.o)
                              ../Middlewares/ST/AI/Lib/NetworkRuntime810_CM4_GCC.a(layers_generic_float.o) (forward_pad_8bit_ch1st_3x3_constant)
../Middlewares/ST/AI/Lib/NetworkRuntime810_CM4_GCC.a(layers_pool_stm32_integer.o)
                              ./X-CUBE-AI/App/audio_model.o (pool_func_mp_array_integer_INT8)
../Middlewares/ST/AI/Lib/NetworkRuntime810_CM4_GCC.a(forward_lite_conv2d_sssa8_ch.o)
                              ../Middlewares/ST/AI/Lib/NetworkRuntime810_CM4_GCC.a(layers_conv2d_sssa8_ch.o) (forward_lite_conv2d_dilated_sssa8_ch)
../Middlewares/ST/AI/Lib/NetworkRuntime810_CM4_GCC.a(forward_lite_convert.o)
                              ../Middlewares/ST/AI/Lib/NetworkRuntime810_CM4_GCC.a(core_convert.o) (forward_lite_node_convert_is1os8)
../Middlewares/ST/AI/Lib/NetworkRuntime810_CM4_GCC.a(forward_lite_maxpool_is16os16.o)
                              ../Middlewares/ST/AI/Lib/NetworkRuntime810_CM4_GCC.a(layers_pool_stm32_integer.o) (forward_lite_maxpool_is16os16_scalepos)
../Middlewares/ST/AI/Lib/NetworkRuntime810_CM4_GCC.a(forward_lite_maxpool_is8os8.o)
                              ../Middlewares/ST/AI/Lib/NetworkRuntime810_CM4_GCC.a(layers_pool_stm32_integer.o) (forward_lite_maxpool_is8os8_scalepos)
../Middlewares/ST/AI/Lib/NetworkRuntime810_CM4_GCC.a(forward_lite_maxpool_iu16ou16.o)
                              ../Middlewares/ST/AI/Lib/NetworkRuntime810_CM4_GCC.a(layers_pool_stm32_integer.o) (forward_lite_maxpool_iu16ou16_scalepos)
../Middlewares/ST/AI/Lib/NetworkRuntime810_CM4_GCC.a(forward_lite_maxpool_iu8ou8.o)
                              ../Middlewares/ST/AI/Lib/NetworkRuntime810_CM4_GCC.a(layers_pool_stm32_integer.o) (forward_lite_maxpool_iu8ou8_scalepos)
../Middlewares/ST/AI/Lib/NetworkRuntime810_CM4_GCC.a(lite_generic_float.o)
                              ../Middlewares/ST/AI/Lib/NetworkRuntime810_CM4_GCC.a(layers_generic_float.o) (forward_lite_topK_axis_0_if32of32)
../Middlewares/ST/AI/Lib/NetworkRuntime810_CM4_GCC.a(lite_nl_generic_integer.o)
                              ../Middlewares/ST/AI/Lib/NetworkRuntime810_CM4_GCC.a(layers_nl_stm32_integer.o) (forward_lite_nl_softmax_is8os8)
../Middlewares/ST/AI/Lib/NetworkRuntime810_CM4_GCC.a(forward_lite_pad_generic.o)
                              ../Middlewares/ST/AI/Lib/NetworkRuntime810_CM4_GCC.a(layers_pad_generic.o) (forward_lite_pad_8bit_ch1st_3x3_constant)
../Middlewares/ST/AI/Lib/NetworkRuntime810_CM4_GCC.a(st_convolve_reference.o)
                              ../Middlewares/ST/AI/Lib/NetworkRuntime810_CM4_GCC.a(layers_conv2d_stm32_integer.o) (align_factor)
../Middlewares/ST/AI/Lib/NetworkRuntime810_CM4_GCC.a(st_sssa8_ch_convolve.o)
                              ../Middlewares/ST/AI/Lib/NetworkRuntime810_CM4_GCC.a(layers_conv2d_stm32_integer.o) (st_sssa8_ch_convolve_rank1upd)
../Middlewares/ST/AI/Lib/NetworkRuntime810_CM4_GCC.a(st_sssa8_convolve.o)
                              ../Middlewares/ST/AI/Lib/NetworkRuntime810_CM4_GCC.a(layers_conv2d_stm32_integer.o) (st_sssa8_convolve_rank1upd)
../Middlewares/ST/AI/Lib/NetworkRuntime810_CM4_GCC.a(st_sssa8_convolve_1x1.o)
[...]
Memory Configuration

Name             Origin             Length             Attributes
RAM              0x0000000020000000 0x0000000000018000 xrw
RAM2             0x0000000010000000 0x0000000000008000 xrw
FLASH            0x0000000008000000 0x0000000000100000 xr
*default*        0x0000000000000000 0xffffffffffffffff

Linker script and memory map

LOAD /opt/st/stm32cubeide_1.13.2/plugins/com.st.stm32cube.ide.mcu.externaltools.gnu-tools-for-stm32.11.3.rel1.linux64_1.1.1.202309131626/tools/bin/../lib/gcc/arm-none-eabi/11.3.1/thumb/v7e-m+fp/hard/crti.o
LOAD /opt/st/stm32cubeide_1.13.2/plugins/com.st.stm32cube.ide.mcu.externaltools.gnu-tools-for-stm32.11.3.rel1.linux64_1.1.1.202309131626/tools/bin/../lib/gcc/arm-none-eabi/11.3.1/thumb/v7e-m+fp/hard/crtbegin.o
LOAD /opt/st/stm32cubeide_1.13.2/plugins/com.st.stm32cube.ide.mcu.externaltools.gnu-tools-for-stm32.11.3.rel1.linux64_1.1.1.202309131626/tools/bin/../lib/gcc/arm-none-eabi/11.3.1/../../../../arm-none-eabi/lib/thumb/v7e-m+fp/hard/crt0.o
LOAD ./Core/Src/main.o
LOAD ./Core/Src/stm32l4xx_hal_msp.o
LOAD ./Core/Src/stm32l4xx_it.o
LOAD ./Core/Src/sysmem.o
LOAD ./Core/Src/system_stm32l4xx.o
LOAD ./Core/Startup/startup_stm32l476jgyxp.o
LOAD ./Drivers/STM32L4xx_HAL_Driver/Src/stm32l4xx_hal.o
LOAD ./Drivers/STM32L4xx_HAL_Driver/Src/stm32l4xx_hal_cortex.o
LOAD ./Drivers/STM32L4xx_HAL_Driver/Src/stm32l4xx_hal_crc.o
LOAD ./Drivers/STM32L4xx_HAL_Driver/Src/stm32l4xx_hal_crc_ex.o
LOAD ./Drivers/STM32L4xx_HAL_Driver/Src/stm32l4xx_hal_dma.o
LOAD ./Drivers/STM32L4xx_HAL_Driver/Src/stm32l4xx_hal_dma_ex.o
LOAD ./Drivers/STM32L4xx_HAL_Driver/Src/stm32l4xx_hal_exti.o
LOAD ./Drivers/STM32L4xx_HAL_Driver/Src/stm32l4xx_hal_flash.o
LOAD ./Drivers/STM32L4xx_HAL_Driver/Src/stm32l4xx_hal_flash_ex.o
LOAD ./Drivers/STM32L4xx_HAL_Driver/Src/stm32l4xx_hal_flash_ramfunc.o
LOAD ./Drivers/STM32L4xx_HAL_Driver/Src/stm32l4xx_hal_gpio.o
LOAD ./Drivers/STM32L4xx_HAL_Driver/Src/stm32l4xx_hal_pwr.o
LOAD ./Drivers/STM32L4xx_HAL_Driver/Src/stm32l4xx_hal_pwr_ex.o
LOAD ./Drivers/STM32L4xx_HAL_Driver/Src/stm32l4xx_hal_rcc.o
LOAD ./Drivers/STM32L4xx_HAL_Driver/Src/stm32l4xx_hal_rcc_ex.o
LOAD ./Drivers/STM32L4xx_HAL_Driver/Src/stm32l4xx_hal_tim.o
LOAD ./Drivers/STM32L4xx_HAL_Driver/Src/stm32l4xx_hal_tim_ex.o
LOAD ./Drivers/STM32L4xx_HAL_Driver/Src/stm32l4xx_hal_uart.o
LOAD ./Drivers/STM32L4xx_HAL_Driver/Src/stm32l4xx_hal_uart_ex.o
LOAD ./X-CUBE-AI/App/audio_model.o
LOAD ./X-CUBE-AI/App/audio_model_data.o
LOAD ./X-CUBE-AI/App/audio_model_data_params.o
LOAD ../Middlewares/ST/AI/Lib/NetworkRuntime810_CM4_GCC.a
START GROUP
LOAD /opt/st/stm32cubeide_1.13.2/plugins/com.st.stm32cube.ide.mcu.externaltools.gnu-tools-for-stm32.11.3.rel1.linux64_1.1.1.202309131626/tools/bin/../lib/gcc/arm-none-eabi/11.3.1/../../../../arm-none-eabi/lib/thumb/v7e-m+fp/hard/libc_nano.a
LOAD /opt/st/stm32cubeide_1.13.2/plugins/com.st.stm32cube.ide.mcu.externaltools.gnu-tools-for-stm32.11.3.rel1.linux64_1.1.1.202309131626/tools/bin/../lib/gcc/arm-none-eabi/11.3.1/../../../../arm-none-eabi/lib/thumb/v7e-m+fp/hard/libm.a
END GROUP
START GROUP
LOAD /opt/st/stm32cubeide_1.13.2/plugins/com.st.stm32cube.ide.mcu.externaltools.gnu-tools-for-stm32.11.3.rel1.linux64_1.1.1.202309131626/tools/bin/../lib/gcc/arm-none-eabi/11.3.1/thumb/v7e-m+fp/hard/libgcc.a
LOAD /opt/st/stm32cubeide_1.13.2/plugins/com.st.stm32cube.ide.mcu.externaltools.gnu-tools-for-stm32.11.3.rel1.linux64_1.1.1.202309131626/tools/bin/../lib/gcc/arm-none-eabi/11.3.1/../../../../arm-none-eabi/lib/thumb/v7e-m+fp/hard/libc_nano.a
END GROUP
START GROUP
LOAD /opt/st/stm32cubeide_1.13.2/plugins/com.st.stm32cube.ide.mcu.externaltools.gnu-tools-for-stm32.11.3.rel1.linux64_1.1.1.202309131626/tools/bin/../lib/gcc/arm-none-eabi/11.3.1/thumb/v7e-m+fp/hard/libgcc.a
LOAD /opt/st/stm32cubeide_1.13.2/plugins/com.st.stm32cube.ide.mcu.externaltools.gnu-tools-for-stm32.11.3.rel1.linux64_1.1.1.202309131626/tools/bin/../lib/gcc/arm-none-eabi/11.3.1/../../../../arm-none-eabi/lib/thumb/v7e-m+fp/hard/libc_nano.a
END GROUP
LOAD /opt/st/stm32cubeide_1.13.2/plugins/com.st.stm32cube.ide.mcu.externaltools.gnu-tools-for-stm32.11.3.rel1.linux64_1.1.1.202309131626/tools/bin/../lib/gcc/arm-none-eabi/11.3.1/thumb/v7e-m+fp/hard/crtend.o
LOAD /opt/st/stm32cubeide_1.13.2/plugins/com.st.stm32cube.ide.mcu.externaltools.gnu-tools-for-stm32.11.3.rel1.linux64_1.1.1.202309131626/tools/bin/../lib/gcc/arm-none-eabi/11.3.1/thumb/v7e-m+fp/hard/crtn.o
                0x0000000020018000                _estack = (ORIGIN (RAM) + LENGTH (RAM))
                0x0000000000000800                _Min_Heap_Size = 0x800
                0x0000000000000800                _Min_Stack_Size = 0x800

.isr_vector     0x0000000008000000      0x188
                0x0000000008000000                . = ALIGN (0x4)
 *(.isr_vector)
 .isr_vector    0x0000000008000000      0x188 ./Core/Startup/startup_stm32l476jgyxp.o
                0x0000000008000000                g_pfnVectors
                0x0000000008000188                . = ALIGN (0x4)

.text           0x0000000008000190     0xef7c
                0x0000000008000190                . = ALIGN (0x4)
 *(.text)
 .text          0x0000000008000190       0x40 /opt/st/stm32cubeide_1.13.2/plugins/com.st.stm32cube.ide.mcu.externaltools.gnu-tools-for-stm32.11.3.rel1.linux64_1.1.1.202309131626/tools/bin/../lib/gcc/arm-none-eabi/11.3.1/thumb/v7e-m+fp/hard/crtbegin.o
 .text          0x00000000080001d0       0xa0 /opt/st/stm32cubeide_1.13.2/plugins/com.st.stm32cube.ide.mcu.externaltools.gnu-tools-for-stm32.11.3.rel1.linux64_1.1.1.202309131626/tools/bin/../lib/gcc/arm-none-eabi/11.3.1/../../../../arm-none-eabi/lib/thumb/v7e-m+fp/hard/libc_nano.a(libc_a-memchr.o)
                0x00000000080001d0                memchr
 .text          0x0000000008000270       0x30 /opt/st/stm32cubeide_1.13.2/plugins/com.st.stm32cube.ide.mcu.externaltools.gnu-tools-for-stm32.11.3.rel1.linux64_1.1.1.202309131626/tools/bin/../lib/gcc/arm-none-eabi/11.3.1/thumb/v7e-m+fp/hard/libgcc.a(_aeabi_uldivmod.o)
                0x0000000008000270                __aeabi_uldivmod
 .text          0x00000000080002a0       0x28 /opt/st/stm32cubeide_1.13.2/plugins/com.st.stm32cube.ide.mcu.externaltools.gnu-tools-for-stm32.11.3.rel1.linux64_1.1.1.202309131626/tools/bin/../lib/gcc/arm-none-eabi/11.3.1/thumb/v7e-m+fp/hard/libgcc.a(_fixsfdi.o)
                0x00000000080002a0                __aeabi_f2lz
                0x00000000080002a0                __fixsfdi
 .text          0x00000000080002c8       0x40 /opt/st/stm32cubeide_1.13.2/plugins/com.st.stm32cube.ide.mcu.externaltools.gnu-tools-for-stm32.11.3.rel1.linux64_1.1.1.202309131626/tools/bin/../lib/gcc/arm-none-eabi/11.3.1/thumb/v7e-m+fp/hard/libgcc.a(_fixunssfdi.o)
                0x00000000080002c8                __aeabi_f2ulz
                0x00000000080002c8                __fixunssfdi
 .text          0x0000000008000308      0x2c8 /opt/st/stm32cubeide_1.13.2/plugins/com.st.stm32cube.ide.mcu.externaltools.gnu-tools-for-stm32.11.3.rel1.linux64_1.1.1.202309131626/tools/bin/../lib/gcc/arm-none-eabi/11.3.1/thumb/v7e-m+fp/hard/libgcc.a(_udivmoddi4.o)
                0x0000000008000308                __udivmoddi4
 .text          0x00000000080005d0      0x254 /opt/st/stm32cubeide_1.13.2/plugins/com.st.stm32cube.ide.mcu.externaltools.gnu-tools-for-stm32.11.3.rel1.linux64_1.1.1.202309131626/tools/bin/../lib/gcc/arm-none-eabi/11.3.1/thumb/v7e-m+fp/hard/libgcc.a(_arm_muldf3.o)
                0x00000000080005d0                __aeabi_dmul
                0x00000000080005d0                __muldf3
 .text          0x0000000008000824        0x4 /opt/st/stm32cubeide_1.13.2/plugins/com.st.stm32cube.ide.mcu.externaltools.gnu-tools-for-stm32.11.3.rel1.linux64_1.1.1.202309131626/tools/bin/../lib/gcc/arm-none-eabi/11.3.1/thumb/v7e-m+fp/hard/libgcc.a(_dvmd_tls.o)
                0x0000000008000824                __aeabi_ldiv0
                0x0000000008000824                __aeabi_idiv0
 .text          0x0000000008000828      0x378 /opt/st/stm32cubeide_1.13.2/plugins/com.st.stm32cube.ide.mcu.externaltools.gnu-tools-for-stm32.11.3.rel1.linux64_1.1.1.202309131626/tools/bin/../lib/gcc/arm-none-eabi/11.3.1/thumb/v7e-m+fp/hard/libgcc.a(_arm_addsubdf3.o)
                0x0000000008000828                __aeabi_drsub
                0x0000000008000830                __aeabi_dsub
                0x0000000008000830                __subdf3
                0x0000000008000834                __adddf3
                0x0000000008000834                __aeabi_dadd
                0x0000000008000aac                __aeabi_ui2d
                0x0000000008000aac                __floatunsidf
                0x0000000008000acc                __floatsidf
                0x0000000008000acc                __aeabi_i2d
                0x0000000008000af0                __extendsfdf2
                0x0000000008000af0                __aeabi_f2d
                0x0000000008000b34                __aeabi_ul2d
                0x0000000008000b34                __floatundidf
                0x0000000008000b44                __floatdidf
                0x0000000008000b44                __aeabi_l2d
 .text          0x0000000008000ba0       0x40 /opt/st/stm32cubeide_1.13.2/plugins/com.st.stm32cube.ide.mcu.externaltools.gnu-tools-for-stm32.11.3.rel1.linux64_1.1.1.202309131626/tools/bin/../lib/gcc/arm-none-eabi/11.3.1/thumb/v7e-m+fp/hard/libgcc.a(_arm_fixunsdfsi.o)
                0x0000000008000ba0                __fixunsdfsi
                0x0000000008000ba0                __aeabi_d2uiz
 *(.text*)
 .text.main     0x0000000008000be0      0x3fc ./Core/Src/main.o
                0x0000000008000be0                main
 .text.SystemClock_Config
                0x0000000008000fdc       0xa2 ./Core/Src/main.o
                0x0000000008000fdc                SystemClock_Config
 *fill*         0x000000000800107e        0x2 
 .text.MX_CRC_Init
                0x0000000008001080       0x44 ./Core/Src/main.o
 .text.MX_TIM16_Init
                0x00000000080010c4       0x4c ./Core/Src/main.o
 .text.MX_USART2_UART_Init
                0x0000000008001110       0x60 ./Core/Src/main.o
 .text.MX_GPIO_Init
                0x0000000008001170       0x84 ./Core/Src/main.o
 .text.Error_Handler
                0x00000000080011f4        0xa ./Core/Src/main.o
                0x00000000080011f4                Error_Handler
 *fill*         0x00000000080011fe        0x2 
 .text.HAL_MspInit
                0x0000000008001200       0x48 ./Core/Src/stm32l4xx_hal_msp.o
                0x0000000008001200                HAL_MspInit
 .text.HAL_CRC_MspInit
                0x0000000008001248       0x40 ./Core/Src/stm32l4xx_hal_msp.o
                0x0000000008001248                HAL_CRC_MspInit
 .text.HAL_TIM_Base_MspInit
                0x0000000008001288       0x40 ./Core/Src/stm32l4xx_hal_msp.o
                0x0000000008001288                HAL_TIM_Base_MspInit
 .text.HAL_UART_MspInit
                0x00000000080012c8       0xb8 ./Core/Src/stm32l4xx_hal_msp.o
                0x00000000080012c8                HAL_UART_MspInit
 .text.NMI_Handler
                0x0000000008001380        0x6 ./Core/Src/stm32l4xx_it.o
                0x0000000008001380                NMI_Handler
 .text.HardFault_Handler
                0x0000000008001386        0x6 ./Core/Src/stm32l4xx_it.o
                0x0000000008001386                HardFault_Handler
 .text.MemManage_Handler
                0x000000000800138c        0x6 ./Core/Src/stm32l4xx_it.o
                0x000000000800138c                MemManage_Handler
 .text.BusFault_Handler
                0x0000000008001392        0x6 ./Core/Src/stm32l4xx_it.o
                0x0000000008001392                BusFault_Handler
 .text.UsageFault_Handler
                0x0000000008001398        0x6 ./Core/Src/stm32l4xx_it.o
                0x0000000008001398                UsageFault_Handler
 .text.SVC_Handler
                0x000000000800139e        0xe ./Core/Src/stm32l4xx_it.o
                0x000000000800139e                SVC_Handler
 .text.DebugMon_Handler
                0x00000000080013ac        0xe ./Core/Src/stm32l4xx_it.o
                0x00000000080013ac                DebugMon_Handler
 .text.PendSV_Handler
                0x00000000080013ba        0xe ./Core/Src/stm32l4xx_it.o
                0x00000000080013ba                PendSV_Handler
 .text.SysTick_Handler
                0x00000000080013c8        0xc ./Core/Src/stm32l4xx_it.o
                0x00000000080013c8                SysTick_Handler
 .text._sbrk    0x00000000080013d4       0x6c ./Core/Src/sysmem.o
                0x00000000080013d4                _sbrk
 .text.SystemInit
                0x0000000008001440       0x24 ./Core/Src/system_stm32l4xx.o
                0x0000000008001440                SystemInit
 .text.Reset_Handler
                0x0000000008001464       0x50 ./Core/Startup/startup_stm32l476jgyxp.o
                0x0000000008001464                Reset_Handler
 .text.Default_Handler
                0x00000000080014b4        0x2 ./Core/Startup/startup_stm32l476jgyxp.o
                0x00000000080014b4                RTC_Alarm_IRQHandler
                0x00000000080014b4                EXTI2_IRQHandler
                0x00000000080014b4                TIM8_TRG_COM_IRQHandler
                0x00000000080014b4                TIM8_CC_IRQHandler
                0x00000000080014b4                TIM1_CC_IRQHandler
                0x00000000080014b4                TSC_IRQHandler
                0x00000000080014b4                TAMP_STAMP_IRQHandler
                0x00000000080014b4                EXTI3_IRQHandler
                0x00000000080014b4                LPTIM2_IRQHandler
                0x00000000080014b4                DFSDM1_FLT1_IRQHandler
                0x00000000080014b4                I2C3_ER_IRQHandler
                0x00000000080014b4                DFSDM1_FLT2_IRQHandler
                0x00000000080014b4                EXTI0_IRQHandler
                0x00000000080014b4                I2C2_EV_IRQHandler
                0x00000000080014b4                CAN1_RX0_IRQHandler
                0x00000000080014b4                FPU_IRQHandler
                0x00000000080014b4                TIM1_UP_TIM16_IRQHandler
                0x00000000080014b4                ADC1_2_IRQHandler
                0x00000000080014b4                SPI1_IRQHandler
                0x00000000080014b4                TIM6_DAC_IRQHandler
                0x00000000080014b4                TIM8_UP_IRQHandler
                0x00000000080014b4                DMA2_Channel2_IRQHandler
                0x00000000080014b4                DMA1_Channel4_IRQHandler
                0x00000000080014b4                SAI2_IRQHandler
                0x00000000080014b4                DFSDM1_FLT3_IRQHandler
                0x00000000080014b4                USART3_IRQHandler
                0x00000000080014b4                DMA1_Channel7_IRQHandler
                0x00000000080014b4                CAN1_RX1_IRQHandler
                0x00000000080014b4                LCD_IRQHandler
                0x00000000080014b4                UART5_IRQHandler
                0x00000000080014b4                ADC3_IRQHandler
                0x00000000080014b4                TIM4_IRQHandler
                0x00000000080014b4                DMA2_Channel1_IRQHandler
                0x00000000080014b4                QUADSPI_IRQHandler
                0x00000000080014b4                I2C1_EV_IRQHandler
                0x00000000080014b4                DMA1_Channel6_IRQHandler
                0x00000000080014b4                UART4_IRQHandler
                0x00000000080014b4                DMA2_Channel4_IRQHandler
                0x00000000080014b4                TIM3_IRQHandler
                0x00000000080014b4                RCC_IRQHandler
                0x00000000080014b4                DMA1_Channel1_IRQHandler
                0x00000000080014b4                Default_Handler
                0x00000000080014b4                DMA2_Channel7_IRQHandler
                0x00000000080014b4                EXTI15_10_IRQHandler
                0x00000000080014b4                TIM7_IRQHandler
                0x00000000080014b4                SDMMC1_IRQHandler
                0x00000000080014b4                TIM5_IRQHandler
                0x00000000080014b4                I2C3_EV_IRQHandler
                0x00000000080014b4                EXTI9_5_IRQHandler
                0x00000000080014b4                RTC_WKUP_IRQHandler
                0x00000000080014b4                PVD_PVM_IRQHandler
                0x00000000080014b4                SPI2_IRQHandler
                0x00000000080014b4                CAN1_TX_IRQHandler
                0x00000000080014b4                DMA2_Channel5_IRQHandler
                0x00000000080014b4                DMA1_Channel5_IRQHandler
                0x00000000080014b4                EXTI4_IRQHandler
                0x00000000080014b4                RNG_IRQHandler
                0x00000000080014b4                TIM1_TRG_COM_TIM17_IRQHandler
                0x00000000080014b4                DMA1_Channel3_IRQHandler
                0x00000000080014b4                COMP_IRQHandler
                0x00000000080014b4                WWDG_IRQHandler
                0x00000000080014b4                LPUART1_IRQHandler
                0x00000000080014b4                DMA2_Channel6_IRQHandler
                0x00000000080014b4                TIM2_IRQHandler
                0x00000000080014b4                EXTI1_IRQHandler
                0x00000000080014b4                USART2_IRQHandler
                0x00000000080014b4                DFSDM1_FLT0_IRQHandler
                0x00000000080014b4                I2C2_ER_IRQHandler
                0x00000000080014b4                DMA1_Channel2_IRQHandler
                0x00000000080014b4                TIM8_BRK_IRQHandler
                0x00000000080014b4                CAN1_SCE_IRQHandler
                0x00000000080014b4                FLASH_IRQHandler
                0x00000000080014b4                USART1_IRQHandler
                0x00000000080014b4                OTG_FS_IRQHandler
                0x00000000080014b4                SPI3_IRQHandler
                0x00000000080014b4                I2C1_ER_IRQHandler
                0x00000000080014b4                FMC_IRQHandler
                0x00000000080014b4                SWPMI1_IRQHandler
                0x00000000080014b4                LPTIM1_IRQHandler
                0x00000000080014b4                SAI1_IRQHandler
                0x00000000080014b4                DMA2_Channel3_IRQHandler
                0x00000000080014b4                TIM1_BRK_TIM15_IRQHandler
 *fill*         0x00000000080014b6        0x2 
 .text.HAL_Init
                0x00000000080014b8       0x40 ./Drivers/STM32L4xx_HAL_Driver/Src/stm32l4xx_hal.o
                0x00000000080014b8                HAL_Init
 .text.HAL_InitTick
                0x00000000080014f8       0x78 ./Drivers/STM32L4xx_HAL_Driver/Src/stm32l4xx_hal.o
                0x00000000080014f8                HAL_InitTick
 .text.HAL_IncTick
                0x0000000008001570       0x28 ./Drivers/STM32L4xx_HAL_Driver/Src/stm32l4xx_hal.o
                0x0000000008001570                HAL_IncTick
 .text.HAL_GetTick
                0x0000000008001598       0x18 ./Drivers/STM32L4xx_HAL_Driver/Src/stm32l4xx_hal.o
                0x0000000008001598                HAL_GetTick
 .text.HAL_Delay
                0x00000000080015b0       0x48 ./Drivers/STM32L4xx_HAL_Driver/Src/stm32l4xx_hal.o
                0x00000000080015b0                HAL_Delay
 .text.__NVIC_SetPriorityGrouping
                0x00000000080015f8       0x48 ./Drivers/STM32L4xx_HAL_Driver/Src/stm32l4xx_hal_cortex.o
 .text.__NVIC_GetPriorityGrouping
                0x0000000008001640       0x1c ./Drivers/STM32L4xx_HAL_Driver/Src/stm32l4xx_hal_cortex.o
 .text.__NVIC_SetPriority
                0x000000000800165c       0x54 ./Drivers/STM32L4xx_HAL_Driver/Src/stm32l4xx_hal_cortex.o
 .text.NVIC_EncodePriority
                0x00000000080016b0       0x66 ./Drivers/STM32L4xx_HAL_Driver/Src/stm32l4xx_hal_cortex.o
 *fill*         0x0000000008001716        0x2 
 .text.SysTick_Config
                0x0000000008001718       0x44 ./Drivers/STM32L4xx_HAL_Driver/Src/stm32l4xx_hal_cortex.o
 .text.HAL_NVIC_SetPriorityGrouping
                0x000000000800175c       0x16 ./Drivers/STM32L4xx_HAL_Driver/Src/stm32l4xx_hal_cortex.o
                0x000000000800175c                HAL_NVIC_SetPriorityGrouping
 .text.HAL_NVIC_SetPriority
                0x0000000008001772       0x38 ./Drivers/STM32L4xx_HAL_Driver/Src/stm32l4xx_hal_cortex.o
                0x0000000008001772                HAL_NVIC_SetPriority
 .text.HAL_SYSTICK_Config
                0x00000000080017aa       0x18 ./Drivers/STM32L4xx_HAL_Driver/Src/stm32l4xx_hal_cortex.o
                0x00000000080017aa                HAL_SYSTICK_Config
 *fill*         0x00000000080017c2        0x2 
 .text.HAL_CRC_Init
                0x00000000080017c4       0xc8 ./Drivers/STM32L4xx_HAL_Driver/Src/stm32l4xx_hal_crc.o
                0x00000000080017c4                HAL_CRC_Init
 .text.HAL_CRCEx_Polynomial_Set
                0x000000000800188c      0x11c ./Drivers/STM32L4xx_HAL_Driver/Src/stm32l4xx_hal_crc_ex.o
                0x000000000800188c                HAL_CRCEx_Polynomial_Set
 .text.HAL_GPIO_Init
                0x00000000080019a8      0x354 ./Drivers/STM32L4xx_HAL_Driver/Src/stm32l4xx_hal_gpio.o
                0x00000000080019a8                HAL_GPIO_Init
 .text.HAL_GPIO_WritePin
                0x0000000008001cfc       0x30 ./Drivers/STM32L4xx_HAL_Driver/Src/stm32l4xx_hal_gpio.o
                0x0000000008001cfc                HAL_GPIO_WritePin
 .text.HAL_PWREx_GetVoltageRange
                0x0000000008001d2c       0x1c ./Drivers/STM32L4xx_HAL_Driver/Src/stm32l4xx_hal_pwr_ex.o
                0x0000000008001d2c                HAL_PWREx_GetVoltageRange
 .text.HAL_PWREx_ControlVoltageScaling
                0x0000000008001d48       0xac ./Drivers/STM32L4xx_HAL_Driver/Src/stm32l4xx_hal_pwr_ex.o
                0x0000000008001d48                HAL_PWREx_ControlVoltageScaling
 .text.HAL_PWREx_EnableVddIO2
                0x0000000008001df4       0x20 ./Drivers/STM32L4xx_HAL_Driver/Src/stm32l4xx_hal_pwr_ex.o
                0x0000000008001df4                HAL_PWREx_EnableVddIO2
 .text.HAL_RCC_OscConfig
                0x0000000008001e14      0x7b8 ./Drivers/STM32L4xx_HAL_Driver/Src/stm32l4xx_hal_rcc.o
                0x0000000008001e14                HAL_RCC_OscConfig
 .text.HAL_RCC_ClockConfig
                0x00000000080025cc      0x200 ./Drivers/STM32L4xx_HAL_Driver/Src/stm32l4xx_hal_rcc.o
                0x00000000080025cc                HAL_RCC_ClockConfig
 .text.HAL_RCC_GetSysClockFreq
                0x00000000080027cc      0x118 ./Drivers/STM32L4xx_HAL_Driver/Src/stm32l4xx_hal_rcc.o
                0x00000000080027cc                HAL_RCC_GetSysClockFreq
 .text.HAL_RCC_GetHCLKFreq
                0x00000000080028e4       0x18 ./Drivers/STM32L4xx_HAL_Driver/Src/stm32l4xx_hal_rcc.o
                0x00000000080028e4                HAL_RCC_GetHCLKFreq
 .text.HAL_RCC_GetPCLK1Freq
                0x00000000080028fc       0x2c ./Drivers/STM32L4xx_HAL_Driver/Src/stm32l4xx_hal_rcc.o
                0x00000000080028fc                HAL_RCC_GetPCLK1Freq
 .text.HAL_RCC_GetPCLK2Freq
                0x0000000008002928       0x2c ./Drivers/STM32L4xx_HAL_Driver/Src/stm32l4xx_hal_rcc.o
                0x0000000008002928                HAL_RCC_GetPCLK2Freq
 .text.RCC_SetFlashLatencyFromMSIRange
                0x0000000008002954       0xc0 ./Drivers/STM32L4xx_HAL_Driver/Src/stm32l4xx_hal_rcc.o
 .text.HAL_RCCEx_PeriphCLKConfig
                0x0000000008002a14      0x5d4 ./Drivers/STM32L4xx_HAL_Driver/Src/stm32l4xx_hal_rcc_ex.o
                0x0000000008002a14                HAL_RCCEx_PeriphCLKConfig
 .text.RCCEx_PLLSAI1_Config
                0x0000000008002fe8      0x1e8 ./Drivers/STM32L4xx_HAL_Driver/Src/stm32l4xx_hal_rcc_ex.o
 .text.RCCEx_PLLSAI2_Config
                0x00000000080031d0      0x1bc ./Drivers/STM32L4xx_HAL_Driver/Src/stm32l4xx_hal_rcc_ex.o
 .text.HAL_TIM_Base_Init
                0x000000000800338c       0xae ./Drivers/STM32L4xx_HAL_Driver/Src/stm32l4xx_hal_tim.o
                0x000000000800338c                HAL_TIM_Base_Init
 *fill*         0x000000000800343a        0x2 
 .text.HAL_TIM_Base_Start
                0x000000000800343c       0xd0 ./Drivers/STM32L4xx_HAL_Driver/Src/stm32l4xx_hal_tim.o
                0x000000000800343c                HAL_TIM_Base_Start
 .text.TIM_Base_SetConfig
                0x000000000800350c      0x134 ./Drivers/STM32L4xx_HAL_Driver/Src/stm32l4xx_hal_tim.o
                0x000000000800350c                TIM_Base_SetConfig
 .text.HAL_UART_Init
                0x0000000008003640       0x9c ./Drivers/STM32L4xx_HAL_Driver/Src/stm32l4xx_hal_uart.o
                0x0000000008003640                HAL_UART_Init
 .text.HAL_UART_Transmit
                0x00000000080036dc      0x114 ./Drivers/STM32L4xx_HAL_Driver/Src/stm32l4xx_hal_uart.o
                0x00000000080036dc                HAL_UART_Transmit
 .text.UART_SetConfig
                0x00000000080037f0      0x570 ./Drivers/STM32L4xx_HAL_Driver/Src/stm32l4xx_hal_uart.o
                0x00000000080037f0                UART_SetConfig
 .text.UART_AdvFeatureConfig
                0x0000000008003d60      0x144 ./Drivers/STM32L4xx_HAL_Driver/Src/stm32l4xx_hal_uart.o
                0x0000000008003d60                UART_AdvFeatureConfig
 .text.UART_CheckIdleState
                0x0000000008003ea4      0x150 ./Drivers/STM32L4xx_HAL_Driver/Src/stm32l4xx_hal_uart.o
                0x0000000008003ea4                UART_CheckIdleState
 .text.UART_WaitOnFlagUntilTimeout
                0x0000000008003ff4       0xce ./Drivers/STM32L4xx_HAL_Driver/Src/stm32l4xx_hal_uart.o
                0x0000000008003ff4                UART_WaitOnFlagUntilTimeout
 .text.UART_EndRxTransfer
                0x00000000080040c2       0xc8 ./Drivers/STM32L4xx_HAL_Driver/Src/stm32l4xx_hal_uart.o
 *fill*         0x000000000800418a        0x2 
 .text.audio_model_configure_activations
                0x000000000800418c      0x210 ./X-CUBE-AI/App/audio_model.o
 .text.audio_model_configure_weights
                0x000000000800439c      0x17c ./X-CUBE-AI/App/audio_model.o
 .text.ai_audio_model_create
                0x0000000008004518       0x2c ./X-CUBE-AI/App/audio_model.o
                0x0000000008004518                ai_audio_model_create
 .text.ai_audio_model_inputs_get
                0x0000000008004544       0x34 ./X-CUBE-AI/App/audio_model.o
                0x0000000008004544                ai_audio_model_inputs_get
 .text.ai_audio_model_outputs_get
                0x0000000008004578       0x34 ./X-CUBE-AI/App/audio_model.o
                0x0000000008004578                ai_audio_model_outputs_get
 .text.ai_audio_model_init
                0x00000000080045ac       0x78 ./X-CUBE-AI/App/audio_model.o
                0x00000000080045ac                ai_audio_model_init
 .text.ai_audio_model_run
                0x0000000008004624       0x20 ./X-CUBE-AI/App/audio_model.o
                0x0000000008004624                ai_audio_model_run
 .text.ai_audio_model_data_activations_buffer_get
                0x0000000008004644       0x68 ./X-CUBE-AI/App/audio_model_data.o
                0x0000000008004644                ai_audio_model_data_activations_buffer_get
 .text.ai_audio_model_data_weights_buffer_get
                0x00000000080046ac       0x68 ./X-CUBE-AI/App/audio_model_data.o
                0x00000000080046ac                ai_audio_model_data_weights_buffer_get
 .text.ai_audio_model_data_weights_get
                0x0000000008004714       0x14 ./X-CUBE-AI/App/audio_model_data.o
                0x0000000008004714                ai_audio_model_data_weights_get
 .text.ai_buffer_get_size
                0x0000000008004728       0x68 ../Middlewares/ST/AI/Lib/NetworkRuntime810_CM4_GCC.a(ai_platform.o)
                0x0000000008004728                ai_buffer_get_size
 .text.ai_buffer_array_sane
                0x0000000008004790       0x14 ../Middlewares/ST/AI/Lib/NetworkRuntime810_CM4_GCC.a(ai_platform.o)
                0x0000000008004790                ai_buffer_array_sane
 .text._ai_platform_acquire_crc
                0x00000000080047a4        0x4 ../Middlewares/ST/AI/Lib/NetworkRuntime810_CM4_GCC.a(ai_platform_interface.o)
                0x00000000080047a4                _ai_platform_acquire_crc
 .text._ai_platform_release_crc
                0x00000000080047a8        0x4 ../Middlewares/ST/AI/Lib/NetworkRuntime810_CM4_GCC.a(ai_platform_interface.o)
                0x00000000080047a8                _ai_platform_release_crc
 .text.ai_platform_get_weights_map
                0x00000000080047ac       0xa8 ../Middlewares/ST/AI/Lib/NetworkRuntime810_CM4_GCC.a(ai_platform_interface.o)
                0x00000000080047ac                ai_platform_get_weights_map
 .text.ai_platform_get_activations_map
                0x0000000008004854       0xa8 ../Middlewares/ST/AI/Lib/NetworkRuntime810_CM4_GCC.a(ai_platform_interface.o)
                0x0000000008004854                ai_platform_get_activations_map
 .text.ai_platform_network_set_error
                0x00000000080048fc        0xc ../Middlewares/ST/AI/Lib/NetworkRuntime810_CM4_GCC.a(ai_platform_interface.o)
                0x00000000080048fc                ai_platform_network_set_error
 .text.ai_platform_inputs_get
                0x0000000008004908      0x1ac ../Middlewares/ST/AI/Lib/NetworkRuntime810_CM4_GCC.a(ai_platform_interface.o)
                0x0000000008004908                ai_platform_inputs_get
 .text.ai_platform_outputs_get
                0x0000000008004ab4      0x1a0 ../Middlewares/ST/AI/Lib/NetworkRuntime810_CM4_GCC.a(ai_platform_interface.o)
                0x0000000008004ab4                ai_platform_outputs_get
 .text.ai_platform_network_create
                0x0000000008004c54      0x1ac ../Middlewares/ST/AI/Lib/NetworkRuntime810_CM4_GCC.a(ai_platform_interface.o)
                0x0000000008004c54                ai_platform_network_create
 .text.ai_platform_network_init
                0x0000000008004e00      0x1dc ../Middlewares/ST/AI/Lib/NetworkRuntime810_CM4_GCC.a(ai_platform_interface.o)
                0x0000000008004e00                ai_platform_network_init
 .text.ai_platform_network_post_init
                0x0000000008004fdc      0x110 ../Middlewares/ST/AI/Lib/NetworkRuntime810_CM4_GCC.a(ai_platform_interface.o)
                0x0000000008004fdc                ai_platform_network_post_init
 .text.ai_platform_network_process
                0x00000000080050ec      0x508 ../Middlewares/ST/AI/Lib/NetworkRuntime810_CM4_GCC.a(ai_platform_interface.o)
                0x00000000080050ec                ai_platform_network_process
 .text.core_init
                0x00000000080055f4        0x4 ../Middlewares/ST/AI/Lib/NetworkRuntime810_CM4_GCC.a(core_common.o)
                0x00000000080055f4                core_init
 .text.core_set_error
                0x00000000080055f8       0x18 ../Middlewares/ST/AI/Lib/NetworkRuntime810_CM4_GCC.a(core_common.o)
                0x00000000080055f8                core_set_error
 .text.node_convert
                0x0000000008005610      0x29c ../Middlewares/ST/AI/Lib/NetworkRuntime810_CM4_GCC.a(core_convert.o)
                0x0000000008005610                node_convert
 .text.ai_check_custom_types
                0x00000000080058ac       0x54 ../Middlewares/ST/AI/Lib/NetworkRuntime810_CM4_GCC.a(layers.o)
                0x00000000080058ac                ai_check_custom_types
 .text.ai_layers_init_all
                0x0000000008005900       0x1c ../Middlewares/ST/AI/Lib/NetworkRuntime810_CM4_GCC.a(layers.o)
                0x0000000008005900                ai_layers_init_all
 .text.ai_layers_post_init_all
                0x000000000800591c       0x28 ../Middlewares/ST/AI/Lib/NetworkRuntime810_CM4_GCC.a(layers.o)
                0x000000000800591c                ai_layers_post_init_all
 .text.ai_layers_forward_all
                0x0000000008005944       0x94 ../Middlewares/ST/AI/Lib/NetworkRuntime810_CM4_GCC.a(layers.o)
                0x0000000008005944                ai_layers_forward_all
 .text.func_dummy
                0x00000000080059d8        0x4 ../Middlewares/ST/AI/Lib/NetworkRuntime810_CM4_GCC.a(layers_conv2d_sssa8_ch.o)
 .text.forward_conv2d_deep_sssa8_ch_nl_pool
                0x00000000080059dc      0x544 ../Middlewares/ST/AI/Lib/NetworkRuntime810_CM4_GCC.a(layers_conv2d_sssa8_ch.o)
                0x00000000080059dc                forward_conv2d_deep_sssa8_ch_nl_pool
 .text.forward_conv2d_deep_3x3_sssa8_ch_nl_pool
                0x0000000008005f20      0x4dc ../Middlewares/ST/AI/Lib/NetworkRuntime810_CM4_GCC.a(layers_conv2d_sssa8_ch.o)
                0x0000000008005f20                forward_conv2d_deep_3x3_sssa8_ch_nl_pool
 .text.forward_conv2d_sssa8_ch_nl_pool
                0x00000000080063fc      0x54c ../Middlewares/ST/AI/Lib/NetworkRuntime810_CM4_GCC.a(layers_conv2d_sssa8_ch.o)
                0x00000000080063fc                forward_conv2d_sssa8_ch_nl_pool
 .text.forward_dense_integer_SSSA
                0x0000000008006948      0x2f4 ../Middlewares/ST/AI/Lib/NetworkRuntime810_CM4_GCC.a(layers_conv2d_stm32_integer.o)
                0x0000000008006948                forward_dense_integer_SSSA
 .text.forward_pad
                0x0000000008006c3c       0x20 ../Middlewares/ST/AI/Lib/NetworkRuntime810_CM4_GCC.a(layers_generic_float.o)
                0x0000000008006c3c                forward_pad
 .text.forward_sm_integer
                0x0000000008006c5c       0xb8 ../Middlewares/ST/AI/Lib/NetworkRuntime810_CM4_GCC.a(layers_nl_stm32_integer.o)
                0x0000000008006c5c                forward_sm_integer
 .text.forward_pad_8bit_ch1st_3x3_constant
                0x0000000008006d14       0x64 ../Middlewares/ST/AI/Lib/NetworkRuntime810_CM4_GCC.a(layers_pad_generic.o)
                0x0000000008006d14                forward_pad_8bit_ch1st_3x3_constant
 .text.forward_pad_constant
                0x0000000008006d78       0x94 ../Middlewares/ST/AI/Lib/NetworkRuntime810_CM4_GCC.a(layers_pad_generic.o)
                0x0000000008006d78                forward_pad_constant
 .text.forward_pad_edge
                0x0000000008006e0c       0x84 ../Middlewares/ST/AI/Lib/NetworkRuntime810_CM4_GCC.a(layers_pad_generic.o)
                0x0000000008006e0c                forward_pad_edge
 .text.forward_pad_reflect
                0x0000000008006e90       0xa4 ../Middlewares/ST/AI/Lib/NetworkRuntime810_CM4_GCC.a(layers_pad_generic.o)
                0x0000000008006e90                forward_pad_reflect
 .text.pool_func_mp_array_integer_INT8
                0x0000000008006f34      0x1d4 ../Middlewares/ST/AI/Lib/NetworkRuntime810_CM4_GCC.a(layers_pool_stm32_integer.o)
                0x0000000008006f34                pool_func_mp_array_integer_INT8
 .text.forward_ap_integer_INT8
                0x0000000008007108      0x1e4 ../Middlewares/ST/AI/Lib/NetworkRuntime810_CM4_GCC.a(layers_pool_stm32_integer.o)
                0x0000000008007108                forward_ap_integer_INT8
 .text.forward_lite_conv2d_deep_3x3_sssa8_ch
                0x00000000080072ec       0xb4 ../Middlewares/ST/AI/Lib/NetworkRuntime810_CM4_GCC.a(forward_lite_conv2d_sssa8_ch.o)
                0x00000000080072ec                forward_lite_conv2d_deep_3x3_sssa8_ch
 .text.forward_lite_conv2d_deep_sssa8_ch
                0x00000000080073a0      0x14c ../Middlewares/ST/AI/Lib/NetworkRuntime810_CM4_GCC.a(forward_lite_conv2d_sssa8_ch.o)
                0x00000000080073a0                forward_lite_conv2d_deep_sssa8_ch
 .text.forward_lite_conv2d_sssa8_ch
                0x00000000080074ec      0xb94 ../Middlewares/ST/AI/Lib/NetworkRuntime810_CM4_GCC.a(forward_lite_conv2d_sssa8_ch.o)
                0x00000000080074ec                forward_lite_conv2d_sssa8_ch
 .text.forward_lite_maxpool_is8os8_scalepos
                0x0000000008008080      0x1c4 ../Middlewares/ST/AI/Lib/NetworkRuntime810_CM4_GCC.a(forward_lite_maxpool_is8os8.o)
                0x0000000008008080                forward_lite_maxpool_is8os8_scalepos
 .text.forward_lite_maxpool_is8os8_scaleneg
                0x0000000008008244      0x1c0 ../Middlewares/ST/AI/Lib/NetworkRuntime810_CM4_GCC.a(forward_lite_maxpool_is8os8.o)
                0x0000000008008244                forward_lite_maxpool_is8os8_scaleneg
 .text.forward_lite_nl_softmax_is8os8
                0x0000000008008404      0x874 ../Middlewares/ST/AI/Lib/NetworkRuntime810_CM4_GCC.a(lite_nl_generic_integer.o)
                0x0000000008008404                forward_lite_nl_softmax_is8os8
 .text.forward_lite_nl_softmax_iu8ou8
                0x0000000008008c78      0x868 ../Middlewares/ST/AI/Lib/NetworkRuntime810_CM4_GCC.a(lite_nl_generic_integer.o)
                0x0000000008008c78                forward_lite_nl_softmax_iu8ou8
 .text.forward_lite_pad_8bit_ch1st_3x3_constant
                0x00000000080094e0      0x17c ../Middlewares/ST/AI/Lib/NetworkRuntime810_CM4_GCC.a(forward_lite_pad_generic.o)
                0x00000000080094e0                forward_lite_pad_8bit_ch1st_3x3_constant
 .text.forward_lite_pad_constant
                0x000000000800965c      0x144 ../Middlewares/ST/AI/Lib/NetworkRuntime810_CM4_GCC.a(forward_lite_pad_generic.o)
                0x000000000800965c                forward_lite_pad_constant
 .text.forward_lite_pad_edge
                0x00000000080097a0       0xe8 ../Middlewares/ST/AI/Lib/NetworkRuntime810_CM4_GCC.a(forward_lite_pad_generic.o)
                0x00000000080097a0                forward_lite_pad_edge
 .text.forward_lite_pad_reflect
                0x0000000008009888      0x14c ../Middlewares/ST/AI/Lib/NetworkRuntime810_CM4_GCC.a(forward_lite_pad_generic.o)
                0x0000000008009888                forward_lite_pad_reflect
 .text.align_factor
                0x00000000080099d4       0xa8 ../Middlewares/ST/AI/Lib/NetworkRuntime810_CM4_GCC.a(st_convolve_reference.o)
                0x00000000080099d4                align_factor
 .text.align_factor_ch
                0x0000000008009a7c       0x60 ../Middlewares/ST/AI/Lib/NetworkRuntime810_CM4_GCC.a(st_convolve_reference.o)
                0x0000000008009a7c                align_factor_ch
 .text.st_sssa8_ch_convolve_rank1upd
                0x0000000008009adc      0x11c ../Middlewares/ST/AI/Lib/NetworkRuntime810_CM4_GCC.a(st_sssa8_ch_convolve.o)
                0x0000000008009adc                st_sssa8_ch_convolve_rank1upd
 .text.st_sssa8_fully_connected
                0x0000000008009bf8      0x5f4 ../Middlewares/ST/AI/Lib/NetworkRuntime810_CM4_GCC.a(st_sssa8_dense.o)
                0x0000000008009bf8                st_sssa8_fully_connected
 .text.st_int8_fill
                0x000000000800a1ec       0xb8 ../Middlewares/ST/AI/Lib/NetworkRuntime810_CM4_GCC.a(st_int8_fill.o)
                0x000000000800a1ec                st_int8_fill
 .text.st_int8_copy
                0x000000000800a2a4      0x10c ../Middlewares/ST/AI/Lib/NetworkRuntime810_CM4_GCC.a(st_int8_fill.o)
                0x000000000800a2a4                st_int8_copy
 .text.st_int8_reordered_no_shift_zero
                0x000000000800a3b0       0x6c ../Middlewares/ST/AI/Lib/NetworkRuntime810_CM4_GCC.a(st_int8_reordered_no_shift.o)
                0x000000000800a3b0                st_int8_reordered_no_shift_zero
 .text.st_int8_to16_no_shift
                0x000000000800a41c       0xc0 ../Middlewares/ST/AI/Lib/NetworkRuntime810_CM4_GCC.a(st_int8_to16_no_shift.o)
                0x000000000800a41c                st_int8_to16_no_shift
 .text.st_int8_to16_no_shift_interleaved
                0x000000000800a4dc       0x84 ../Middlewares/ST/AI/Lib/NetworkRuntime810_CM4_GCC.a(st_int8_to16_no_shift.o)
                0x000000000800a4dc                st_int8_to16_no_shift_interleaved
 .text.st_int8_to16_dual
                0x000000000800a560      0x1d4 ../Middlewares/ST/AI/Lib/NetworkRuntime810_CM4_GCC.a(st_int8_to16_no_shift.o)
                0x000000000800a560                st_int8_to16_dual
 .text.st_int8_to16_dual_interleaved
                0x000000000800a734      0x170 ../Middlewares/ST/AI/Lib/NetworkRuntime810_CM4_GCC.a(st_int8_to16_no_shift.o)
                0x000000000800a734                st_int8_to16_dual_interleaved
 .text.ai_padding_opt_init
                0x000000000800a8a4       0xb0 ../Middlewares/ST/AI/Lib/NetworkRuntime810_CM4_GCC.a(st_padding_opt.o)
                0x000000000800a8a4                ai_padding_opt_init
 .text.ai_padding_opt_phase1
                0x000000000800a954       0x34 ../Middlewares/ST/AI/Lib/NetworkRuntime810_CM4_GCC.a(st_padding_opt.o)
                0x000000000800a954                ai_padding_opt_phase1
 .text.st_sssa8_ch_nn_mat_mult_kernel_opt
                0x000000000800a988      0x7f8 ../Middlewares/ST/AI/Lib/NetworkRuntime810_CM4_GCC.a(st_sssa8_ch_nn_mat_mult_kernel_opt.o)
                0x000000000800a988                st_sssa8_ch_nn_mat_mult_kernel_opt
 .text.st_sssa8_ch_nn_mat_mult_kernel_single_opt
                0x000000000800b180      0x474 ../Middlewares/ST/AI/Lib/NetworkRuntime810_CM4_GCC.a(st_sssa8_ch_nn_mat_mult_kernel_opt.o)
                0x000000000800b180                st_sssa8_ch_nn_mat_mult_kernel_single_opt
 .text.weights_2channels_prefetch
                0x000000000800b5f4      0x1d4 ../Middlewares/ST/AI/Lib/NetworkRuntime810_CM4_GCC.a(st_sssa8_ch_nn_mat_mult_nt_t.o)
                0x000000000800b5f4                weights_2channels_prefetch
 .text.weights_2channels_prefetch_3x3
                0x000000000800b7c8      0x3d4 ../Middlewares/ST/AI/Lib/NetworkRuntime810_CM4_GCC.a(st_sssa8_ch_nn_mat_mult_nt_t.o)
                0x000000000800b7c8                weights_2channels_prefetch_3x3
 .text.st_sssa8_ch_fullW_prefetch
                0x000000000800bb9c       0x80 ../Middlewares/ST/AI/Lib/NetworkRuntime810_CM4_GCC.a(st_sssa8_ch_nn_mat_mult_nt_t.o)
                0x000000000800bb9c                st_sssa8_ch_fullW_prefetch
 .text.st_sssa8_ch_nn_mat_mult_conv2d_nt_t
                0x000000000800bc1c      0xad8 ../Middlewares/ST/AI/Lib/NetworkRuntime810_CM4_GCC.a(st_sssa8_ch_nn_mat_mult_nt_t.o)
                0x000000000800bc1c                st_sssa8_ch_nn_mat_mult_conv2d_nt_t
 .text.st_sssa8_ch_nn_mat_mult_conv2d_3x3_nt_t
                0x000000000800c6f4      0xe04 ../Middlewares/ST/AI/Lib/NetworkRuntime810_CM4_GCC.a(st_sssa8_ch_nn_mat_mult_nt_t.o)
                0x000000000800c6f4                st_sssa8_ch_nn_mat_mult_conv2d_3x3_nt_t
 .text.st_int8_avepool
                0x000000000800d4f8      0x3fc ../Middlewares/ST/AI/Lib/NetworkRuntime810_CM4_GCC.a(st_int8_pool.o)
                0x000000000800d4f8                st_int8_avepool
 .text.arm_fill_q15
                0x000000000800d8f4       0x5c ../Middlewares/ST/AI/Lib/NetworkRuntime810_CM4_GCC.a(arm_fill_q15.o)
                0x000000000800d8f4                arm_fill_q15
 .text.arm_float_to_q15
                0x000000000800d950      0x18c ../Middlewares/ST/AI/Lib/NetworkRuntime810_CM4_GCC.a(arm_float_to_q15.o)
                0x000000000800d950                arm_float_to_q15
 .text.arm_float_to_q7
                0x000000000800dadc      0x1bc ../Middlewares/ST/AI/Lib/NetworkRuntime810_CM4_GCC.a(arm_float_to_q7.o)
                0x000000000800dadc                arm_float_to_q7
 .text.arm_q15_to_float
                0x000000000800dc98       0xcc ../Middlewares/ST/AI/Lib/NetworkRuntime810_CM4_GCC.a(arm_q15_to_float.o)
                0x000000000800dc98                arm_q15_to_float
 .text.arm_q7_to_float
                0x000000000800dd64       0xcc ../Middlewares/ST/AI/Lib/NetworkRuntime810_CM4_GCC.a(arm_q7_to_float.o)
                0x000000000800dd64                arm_q7_to_float
 .text.ai_array_to_buffer_fmt
                0x000000000800de30       0xd8 ../Middlewares/ST/AI/Lib/NetworkRuntime810_CM4_GCC.a(ai_datatypes_format.o)
                0x000000000800de30                ai_array_to_buffer_fmt
 .text.ai_array_get_byte_size
                0x000000000800df08       0x50 ../Middlewares/ST/AI/Lib/NetworkRuntime810_CM4_GCC.a(ai_datatypes_format.o)
                0x000000000800df08                ai_array_get_byte_size
 .text.ai_array_get_data_byte_size
                0x000000000800df58       0x24 ../Middlewares/ST/AI/Lib/NetworkRuntime810_CM4_GCC.a(ai_datatypes_format.o)
                0x000000000800df58                ai_array_get_data_byte_size
 .text.ai_version_get
                0x000000000800df7c        0xc ../Middlewares/ST/AI/Lib/NetworkRuntime810_CM4_GCC.a(ai_datatypes_internal.o)
                0x000000000800df7c                ai_version_get
 .text.get_tensor_byte_size
                0x000000000800df88       0x30 ../Middlewares/ST/AI/Lib/NetworkRuntime810_CM4_GCC.a(ai_datatypes_internal.o)
                0x000000000800df88                get_tensor_byte_size
 .text.core_tensor_clone
                0x000000000800dfb8       0x64 ../Middlewares/ST/AI/Lib/NetworkRuntime810_CM4_GCC.a(core_utils.o)
                0x000000000800dfb8                core_tensor_clone
 .text.core_array_clone
                0x000000000800e01c        0xc ../Middlewares/ST/AI/Lib/NetworkRuntime810_CM4_GCC.a(core_utils.o)
                0x000000000800e01c                core_array_clone
 .text.sbrk_aligned
                0x000000000800e028       0x40 /opt/st/stm32cubeide_1.13.2/plugins/com.st.stm32cube.ide.mcu.externaltools.gnu-tools-for-stm32.11.3.rel1.linux64_1.1.1.202309131626/tools/bin/../lib/gcc/arm-none-eabi/11.3.1/../../../../arm-none-eabi/lib/thumb/v7e-m+fp/hard/libc_nano.a(libc_a-mallocr.o)
 .text._malloc_r
                0x000000000800e068      0x100 /opt/st/stm32cubeide_1.13.2/plugins/com.st.stm32cube.ide.mcu.externaltools.gnu-tools-for-stm32.11.3.rel1.linux64_1.1.1.202309131626/tools/bin/../lib/gcc/arm-none-eabi/11.3.1/../../../../arm-none-eabi/lib/thumb/v7e-m+fp/hard/libc_nano.a(libc_a-mallocr.o)
                0x000000000800e068                _malloc_r
 .text.__malloc_lock
                0x000000000800e168        0xc /opt/st/stm32cubeide_1.13.2/plugins/com.st.stm32cube.ide.mcu.externaltools.gnu-tools-for-stm32.11.3.rel1.linux64_1.1.1.202309131626/tools/bin/../lib/gcc/arm-none-eabi/11.3.1/../../../../arm-none-eabi/lib/thumb/v7e-m+fp/hard/libc_nano.a(libc_a-mlock.o)
                0x000000000800e168                __malloc_lock
 .text.__malloc_unlock
                0x000000000800e174        0xc /opt/st/stm32cubeide_1.13.2/plugins/com.st.stm32cube.ide.mcu.externaltools.gnu-tools-for-stm32.11.3.rel1.linux64_1.1.1.202309131626/tools/bin/../lib/gcc/arm-none-eabi/11.3.1/../../../../arm-none-eabi/lib/thumb/v7e-m+fp/hard/libc_nano.a(libc_a-mlock.o)
                0x000000000800e174                __malloc_unlock
 .text._realloc_r
                0x000000000800e180       0x5e /opt/st/stm32cubeide_1.13.2/plugins/com.st.stm32cube.ide.mcu.externaltools.gnu-tools-for-stm32.11.3.rel1.linux64_1.1.1.202309131626/tools/bin/../lib/gcc/arm-none-eabi/11.3.1/../../../../arm-none-eabi/lib/thumb/v7e-m+fp/hard/libc_nano.a(libc_a-reallocr.o)
                0x000000000800e180                _realloc_r
 *fill*         0x000000000800e1de        0x2 
 .text.sprintf  0x000000000800e1e0       0x40 /opt/st/stm32cubeide_1.13.2/plugins/com.st.stm32cube.ide.mcu.externaltools.gnu-tools-for-stm32.11.3.rel1.linux64_1.1.1.202309131626/tools/bin/../lib/gcc/arm-none-eabi/11.3.1/../../../../arm-none-eabi/lib/thumb/v7e-m+fp/hard/libc_nano.a(libc_a-sprintf.o)
                0x000000000800e1e0                sprintf
                0x000000000800e1e0                siprintf
 .text.memmove  0x000000000800e220       0x34 /opt/st/stm32cubeide_1.13.2/plugins/com.st.stm32cube.ide.mcu.externaltools.gnu-tools-for-stm32.11.3.rel1.linux64_1.1.1.202309131626/tools/bin/../lib/gcc/arm-none-eabi/11.3.1/../../../../arm-none-eabi/lib/thumb/v7e-m+fp/hard/libc_nano.a(libc_a-memmove.o)
                0x000000000800e220                memmove
 .text.memset   0x000000000800e254       0x10 /opt/st/stm32cubeide_1.13.2/plugins/com.st.stm32cube.ide.mcu.externaltools.gnu-tools-for-stm32.11.3.rel1.linux64_1.1.1.202309131626/tools/bin/../lib/gcc/arm-none-eabi/11.3.1/../../../../arm-none-eabi/lib/thumb/v7e-m+fp/hard/libc_nano.a(libc_a-memset.o)
                0x000000000800e254                memset
 .text._sbrk_r  0x000000000800e264       0x20 /opt/st/stm32cubeide_1.13.2/plugins/com.st.stm32cube.ide.mcu.externaltools.gnu-tools-for-stm32.11.3.rel1.linux64_1.1.1.202309131626/tools/bin/../lib/gcc/arm-none-eabi/11.3.1/../../../../arm-none-eabi/lib/thumb/v7e-m+fp/hard/libc_nano.a(libc_a-sbrkr.o)
                0x000000000800e264                _sbrk_r
 .text.__errno  0x000000000800e284        0xc /opt/st/stm32cubeide_1.13.2/plugins/com.st.stm32cube.ide.mcu.externaltools.gnu-tools-for-stm32.11.3.rel1.linux64_1.1.1.202309131626/tools/bin/../lib/gcc/arm-none-eabi/11.3.1/../../../../arm-none-eabi/lib/thumb/v7e-m+fp/hard/libc_nano.a(libc_a-errno.o)
                0x000000000800e284                __errno
 .text.__libc_init_array
                0x000000000800e290       0x48 /opt/st/stm32cubeide_1.13.2/plugins/com.st.stm32cube.ide.mcu.externaltools.gnu-tools-for-stm32.11.3.rel1.linux64_1.1.1.202309131626/tools/bin/../lib/gcc/arm-none-eabi/11.3.1/../../../../arm-none-eabi/lib/thumb/v7e-m+fp/hard/libc_nano.a(libc_a-init.o)
                0x000000000800e290                __libc_init_array
 .text.__retarget_lock_acquire_recursive
                0x000000000800e2d8        0x2 /opt/st/stm32cubeide_1.13.2/plugins/com.st.stm32cube.ide.mcu.externaltools.gnu-tools-for-stm32.11.3.rel1.linux64_1.1.1.202309131626/tools/bin/../lib/gcc/arm-none-eabi/11.3.1/../../../../arm-none-eabi/lib/thumb/v7e-m+fp/hard/libc_nano.a(libc_a-lock.o)
                0x000000000800e2d8                __retarget_lock_acquire_recursive
 .text.__retarget_lock_release_recursive
                0x000000000800e2da        0x2 /opt/st/stm32cubeide_1.13.2/plugins/com.st.stm32cube.ide.mcu.externaltools.gnu-tools-for-stm32.11.3.rel1.linux64_1.1.1.202309131626/tools/bin/../lib/gcc/arm-none-eabi/11.3.1/../../../../arm-none-eabi/lib/thumb/v7e-m+fp/hard/libc_nano.a(libc_a-lock.o)
                0x000000000800e2da                __retarget_lock_release_recursive
 .text.memcpy   0x000000000800e2dc       0x1c /opt/st/stm32cubeide_1.13.2/plugins/com.st.stm32cube.ide.mcu.externaltools.gnu-tools-for-stm32.11.3.rel1.linux64_1.1.1.202309131626/tools/bin/../lib/gcc/arm-none-eabi/11.3.1/../../../../arm-none-eabi/lib/thumb/v7e-m+fp/hard/libc_nano.a(libc_a-memcpy-stub.o)
                0x000000000800e2dc                memcpy
 .text._free_r  0x000000000800e2f8       0x98 /opt/st/stm32cubeide_1.13.2/plugins/com.st.stm32cube.ide.mcu.externaltools.gnu-tools-for-stm32.11.3.rel1.linux64_1.1.1.202309131626/tools/bin/../lib/gcc/arm-none-eabi/11.3.1/../../../../arm-none-eabi/lib/thumb/v7e-m+fp/hard/libc_nano.a(libc_a-freer.o)
                0x000000000800e2f8                _free_r
 .text._malloc_usable_size_r
                0x000000000800e390       0x10 /opt/st/stm32cubeide_1.13.2/plugins/com.st.stm32cube.ide.mcu.externaltools.gnu-tools-for-stm32.11.3.rel1.linux64_1.1.1.202309131626/tools/bin/../lib/gcc/arm-none-eabi/11.3.1/../../../../arm-none-eabi/lib/thumb/v7e-m+fp/hard/libc_nano.a(libc_a-msizer.o)
                0x000000000800e390                _malloc_usable_size_r
 .text.__ssputs_r
                0x000000000800e3a0       0xb4 /opt/st/stm32cubeide_1.13.2/plugins/com.st.stm32cube.ide.mcu.externaltools.gnu-tools-for-stm32.11.3.rel1.linux64_1.1.1.202309131626/tools/bin/../lib/gcc/arm-none-eabi/11.3.1/../../../../arm-none-eabi/lib/thumb/v7e-m+fp/hard/libc_nano.a(libc_a-nano-svfprintf.o)
                0x000000000800e3a0                __ssputs_r
 .text._svfprintf_r
                0x000000000800e454      0x1fc /opt/st/stm32cubeide_1.13.2/plugins/com.st.stm32cube.ide.mcu.externaltools.gnu-tools-for-stm32.11.3.rel1.linux64_1.1.1.202309131626/tools/bin/../lib/gcc/arm-none-eabi/11.3.1/../../../../arm-none-eabi/lib/thumb/v7e-m+fp/hard/libc_nano.a(libc_a-nano-svfprintf.o)
                0x000000000800e454                _svfprintf_r
                0x000000000800e454                _svfiprintf_r
 .text._printf_common
                0x000000000800e650       0xda /opt/st/stm32cubeide_1.13.2/plugins/com.st.stm32cube.ide.mcu.externaltools.gnu-tools-for-stm32.11.3.rel1.linux64_1.1.1.202309131626/tools/bin/../lib/gcc/arm-none-eabi/11.3.1/../../../../arm-none-eabi/lib/thumb/v7e-m+fp/hard/libc_nano.a(libc_a-nano-vfprintf_i.o)
                0x000000000800e650                _printf_common
 *fill*         0x000000000800e72a        0x2 
 .text._printf_i
                0x000000000800e72c      0x244 /opt/st/stm32cubeide_1.13.2/plugins/com.st.stm32cube.ide.mcu.externaltools.gnu-tools-for-stm32.11.3.rel1.linux64_1.1.1.202309131626/tools/bin/../lib/gcc/arm-none-eabi/11.3.1/../../../../arm-none-eabi/lib/thumb/v7e-m+fp/hard/libc_nano.a(libc_a-nano-vfprintf_i.o)
                0x000000000800e72c                _printf_i
 .text.powf     0x000000000800e970       0xae /opt/st/stm32cubeide_1.13.2/plugins/com.st.stm32cube.ide.mcu.externaltools.gnu-tools-for-stm32.11.3.rel1.linux64_1.1.1.202309131626/tools/bin/../lib/gcc/arm-none-eabi/11.3.1/../../../../arm-none-eabi/lib/thumb/v7e-m+fp/hard/libm.a(libm_a-wf_pow.o)
                0x000000000800e970                powf
 .text.fabsf    0x000000000800ea1e        0xe /opt/st/stm32cubeide_1.13.2/plugins/com.st.stm32cube.ide.mcu.externaltools.gnu-tools-for-stm32.11.3.rel1.linux64_1.1.1.202309131626/tools/bin/../lib/gcc/arm-none-eabi/11.3.1/../../../../arm-none-eabi/lib/thumb/v7e-m+fp/hard/libm.a(libm_a-sf_fabs.o)
                0x000000000800ea1e                fabsf
 .text.finitef  0x000000000800ea2c       0x1a /opt/st/stm32cubeide_1.13.2/plugins/com.st.stm32cube.ide.mcu.externaltools.gnu-tools-for-stm32.11.3.rel1.linux64_1.1.1.202309131626/tools/bin/../lib/gcc/arm-none-eabi/11.3.1/../../../../arm-none-eabi/lib/thumb/v7e-m+fp/hard/libm.a(libm_a-sf_finite.o)
                0x000000000800ea2c                finitef
 .text.with_errnof
                0x000000000800ea46       0x16 /opt/st/stm32cubeide_1.13.2/plugins/com.st.stm32cube.ide.mcu.externaltools.gnu-tools-for-stm32.11.3.rel1.linux64_1.1.1.202309131626/tools/bin/../lib/gcc/arm-none-eabi/11.3.1/../../../../arm-none-eabi/lib/thumb/v7e-m+fp/hard/libm.a(libm_a-math_errf.o)
 .text.xflowf   0x000000000800ea5c       0x16 /opt/st/stm32cubeide_1.13.2/plugins/com.st.stm32cube.ide.mcu.externaltools.gnu-tools-for-stm32.11.3.rel1.linux64_1.1.1.202309131626/tools/bin/../lib/gcc/arm-none-eabi/11.3.1/../../../../arm-none-eabi/lib/thumb/v7e-m+fp/hard/libm.a(libm_a-math_errf.o)
 *fill*         0x000000000800ea72        0x2 
 .text.__math_uflowf
                0x000000000800ea74        0xc /opt/st/stm32cubeide_1.13.2/plugins/com.st.stm32cube.ide.mcu.externaltools.gnu-tools-for-stm32.11.3.rel1.linux64_1.1.1.202309131626/tools/bin/../lib/gcc/arm-none-eabi/11.3.1/../../../../arm-none-eabi/lib/thumb/v7e-m+fp/hard/libm.a(libm_a-math_errf.o)
                0x000000000800ea74                __math_uflowf
 .text.__math_oflowf
                0x000000000800ea80        0xc /opt/st/stm32cubeide_1.13.2/plugins/com.st.stm32cube.ide.mcu.externaltools.gnu-tools-for-stm32.11.3.rel1.linux64_1.1.1.202309131626/tools/bin/../lib/gcc/arm-none-eabi/11.3.1/../../../../arm-none-eabi/lib/thumb/v7e-m+fp/hard/libm.a(libm_a-math_errf.o)
                0x000000000800ea80                __math_oflowf
 .text.__ieee754_powf
                0x000000000800ea8c      0x594 /opt/st/stm32cubeide_1.13.2/plugins/com.st.stm32cube.ide.mcu.externaltools.gnu-tools-for-stm32.11.3.rel1.linux64_1.1.1.202309131626/tools/bin/../lib/gcc/arm-none-eabi/11.3.1/../../../../arm-none-eabi/lib/thumb/v7e-m+fp/hard/libm.a(libm_a-ef_pow.o)
                0x000000000800ea8c                __ieee754_powf
 .text.scalbnf  0x000000000800f020       0xcc /opt/st/stm32cubeide_1.13.2/plugins/com.st.stm32cube.ide.mcu.externaltools.gnu-tools-for-stm32.11.3.rel1.linux64_1.1.1.202309131626/tools/bin/../lib/gcc/arm-none-eabi/11.3.1/../../../../arm-none-eabi/lib/thumb/v7e-m+fp/hard/libm.a(libm_a-sf_scalbn.o)
                0x000000000800f020                scalbnf
 .text.__ieee754_sqrtf
                0x000000000800f0ec        0x6 /opt/st/stm32cubeide_1.13.2/plugins/com.st.stm32cube.ide.mcu.externaltools.gnu-tools-for-stm32.11.3.rel1.linux64_1.1.1.202309131626/tools/bin/../lib/gcc/arm-none-eabi/11.3.1/../../../../arm-none-eabi/lib/thumb/v7e-m+fp/hard/libm.a(libm_a-ef_sqrt.o)
                0x000000000800f0ec                __ieee754_sqrtf
 *(.glue_7)
 .glue_7        0x000000000800f0f2        0x0 linker stubs
 *(.glue_7t)
 .glue_7t       0x000000000800f0f2        0x0 linker stubs
 *(.eh_frame)
 *fill*         0x000000000800f0f2        0x2 
 .eh_frame      0x000000000800f0f4        0x0 /opt/st/stm32cubeide_1.13.2/plugins/com.st.stm32cube.ide.mcu.externaltools.gnu-tools-for-stm32.11.3.rel1.linux64_1.1.1.202309131626/tools/bin/../lib/gcc/arm-none-eabi/11.3.1/thumb/v7e-m+fp/hard/crtbegin.o
 *(.init)
 .init          0x000000000800f0f4        0x4 /opt/st/stm32cubeide_1.13.2/plugins/com.st.stm32cube.ide.mcu.externaltools.gnu-tools-for-stm32.11.3.rel1.linux64_1.1.1.202309131626/tools/bin/../lib/gcc/arm-none-eabi/11.3.1/thumb/v7e-m+fp/hard/crti.o
                0x000000000800f0f4                _init
 .init          0x000000000800f0f8        0x8 /opt/st/stm32cubeide_1.13.2/plugins/com.st.stm32cube.ide.mcu.externaltools.gnu-tools-for-stm32.11.3.rel1.linux64_1.1.1.202309131626/tools/bin/../lib/gcc/arm-none-eabi/11.3.1/thumb/v7e-m+fp/hard/crtn.o
 *(.fini)
 .fini          0x000000000800f100        0x4 /opt/st/stm32cubeide_1.13.2/plugins/com.st.stm32cube.ide.mcu.externaltools.gnu-tools-for-stm32.11.3.rel1.linux64_1.1.1.202309131626/tools/bin/../lib/gcc/arm-none-eabi/11.3.1/thumb/v7e-m+fp/hard/crti.o
                0x000000000800f100                _fini
 .fini          0x000000000800f104        0x8 /opt/st/stm32cubeide_1.13.2/plugins/com.st.stm32cube.ide.mcu.externaltools.gnu-tools-for-stm32.11.3.rel1.linux64_1.1.1.202309131626/tools/bin/../lib/gcc/arm-none-eabi/11.3.1/thumb/v7e-m+fp/hard/crtn.o
                0x000000000800f10c                . = ALIGN (0x4)
                0x000000000800f10c                _etext = .

.vfp11_veneer   0x000000000800f10c        0x0
 .vfp11_veneer  0x000000000800f10c        0x0 linker stubs

.v4_bx          0x000000000800f10c        0x0
 .v4_bx         0x000000000800f10c        0x0 linker stubs

.iplt           0x000000000800f10c        0x0
 .iplt          0x000000000800f10c        0x0 /opt/st/stm32cubeide_1.13.2/plugins/com.st.stm32cube.ide.mcu.externaltools.gnu-tools-for-stm32.11.3.rel1.linux64_1.1.1.202309131626/tools/bin/../lib/gcc/arm-none-eabi/11.3.1/thumb/v7e-m+fp/hard/crtbegin.o

.rodata         0x000000000800f120     0x64a4
                0x000000000800f120                . = ALIGN (0x4)
 *(.rodata)
 .rodata        0x000000000800f120       0xa8 ./Core/Src/main.o
 .rodata        0x000000000800f1c8       0x30 ./X-CUBE-AI/App/audio_model_data.o
 *(.rodata*)
 .rodata.AHBPrescTable
                0x000000000800f1f8       0x10 ./Core/Src/system_stm32l4xx.o
                0x000000000800f1f8                AHBPrescTable
 .rodata.APBPrescTable
                0x000000000800f208        0x8 ./Core/Src/system_stm32l4xx.o
                0x000000000800f208                APBPrescTable
 .rodata.MSIRangeTable
                0x000000000800f210       0x30 ./Core/Src/system_stm32l4xx.o
                0x000000000800f210                MSIRangeTable
 .rodata.__compound_literal.0
                0x000000000800f240        0x4 ./X-CUBE-AI/App/audio_model.o
 .rodata.__compound_literal.1
                0x000000000800f244        0x1 ./X-CUBE-AI/App/audio_model.o
 *fill*         0x000000000800f245        0x3 
 .rodata.__compound_literal.2
                0x000000000800f248        0x8 ./X-CUBE-AI/App/audio_model.o
 .rodata.conv2d_4_pad_before_output_array_intq
                0x000000000800f250        0x8 ./X-CUBE-AI/App/audio_model.o
 .rodata.__compound_literal.3
                0x000000000800f258        0x4 ./X-CUBE-AI/App/audio_model.o
 .rodata.__compound_literal.4
                0x000000000800f25c        0x1 ./X-CUBE-AI/App/audio_model.o
 *fill*         0x000000000800f25d        0x3 
 .rodata.__compound_literal.5
                0x000000000800f260        0x8 ./X-CUBE-AI/App/audio_model.o
 .rodata.conv2d_4_output_array_intq
                0x000000000800f268        0x8 ./X-CUBE-AI/App/audio_model.o
 .rodata.__compound_literal.6
                0x000000000800f270        0x4 ./X-CUBE-AI/App/audio_model.o
 .rodata.__compound_literal.7
                0x000000000800f274        0x1 ./X-CUBE-AI/App/audio_model.o
 *fill*         0x000000000800f275        0x3 
 .rodata.__compound_literal.8
                0x000000000800f278        0x8 ./X-CUBE-AI/App/audio_model.o
 .rodata.pool_6_output_array_intq
                0x000000000800f280        0x8 ./X-CUBE-AI/App/audio_model.o
 .rodata.__compound_literal.9
                0x000000000800f288        0x4 ./X-CUBE-AI/App/audio_model.o
 .rodata.__compound_literal.10
                0x000000000800f28c        0x1 ./X-CUBE-AI/App/audio_model.o
 *fill*         0x000000000800f28d        0x3 
 .rodata.__compound_literal.11
                0x000000000800f290        0x8 ./X-CUBE-AI/App/audio_model.o
 .rodata.gemm_7_output_array_intq
                0x000000000800f298        0x8 ./X-CUBE-AI/App/audio_model.o
 .rodata.__compound_literal.12
                0x000000000800f2a0        0x4 ./X-CUBE-AI/App/audio_model.o
 .rodata.__compound_literal.13
                0x000000000800f2a4        0x1 ./X-CUBE-AI/App/audio_model.o
 *fill*         0x000000000800f2a5        0x3 
 .rodata.__compound_literal.14
                0x000000000800f2a8        0x8 ./X-CUBE-AI/App/audio_model.o
 .rodata.nl_8_output_array_intq
                0x000000000800f2b0        0x8 ./X-CUBE-AI/App/audio_model.o
 .rodata.__compound_literal.15
                0x000000000800f2b8       0x40 ./X-CUBE-AI/App/audio_model.o
 .rodata.__compound_literal.16
                0x000000000800f2f8       0x10 ./X-CUBE-AI/App/audio_model.o
 .rodata.__compound_literal.17
                0x000000000800f308        0x8 ./X-CUBE-AI/App/audio_model.o
 .rodata.conv2d_0_weights_array_intq
                0x000000000800f310        0x8 ./X-CUBE-AI/App/audio_model.o
 .rodata.__compound_literal.18
                0x000000000800f318       0x80 ./X-CUBE-AI/App/audio_model.o
 .rodata.__compound_literal.19
                0x000000000800f398       0x20 ./X-CUBE-AI/App/audio_model.o
 .rodata.__compound_literal.20
                0x000000000800f3b8        0x8 ./X-CUBE-AI/App/audio_model.o
 .rodata.conv2d_2_weights_array_intq
                0x000000000800f3c0        0x8 ./X-CUBE-AI/App/audio_model.o
 .rodata.__compound_literal.21
                0x000000000800f3c8      0x100 ./X-CUBE-AI/App/audio_model.o
 .rodata.__compound_literal.22
                0x000000000800f4c8       0x40 ./X-CUBE-AI/App/audio_model.o
 .rodata.__compound_literal.23
                0x000000000800f508        0x8 ./X-CUBE-AI/App/audio_model.o
 .rodata.conv2d_4_weights_array_intq
                0x000000000800f510        0x8 ./X-CUBE-AI/App/audio_model.o
 .rodata.__compound_literal.24
                0x000000000800f518        0x4 ./X-CUBE-AI/App/audio_model.o
 .rodata.__compound_literal.25
                0x000000000800f51c        0x1 ./X-CUBE-AI/App/audio_model.o
 *fill*         0x000000000800f51d        0x3 
 .rodata.__compound_literal.26
                0x000000000800f520        0x8 ./X-CUBE-AI/App/audio_model.o
 .rodata.gemm_7_weights_array_intq
                0x000000000800f528        0x8 ./X-CUBE-AI/App/audio_model.o
 .rodata.__compound_literal.27
                0x000000000800f530        0x4 ./X-CUBE-AI/App/audio_model.o
 .rodata.__compound_literal.28
                0x000000000800f534        0x1 ./X-CUBE-AI/App/audio_model.o
 *fill*         0x000000000800f535        0x3 
 .rodata.__compound_literal.29
                0x000000000800f538        0x8 ./X-CUBE-AI/App/audio_model.o
 .rodata.conv2d_0_scratch1_array_intq
                0x000000000800f540        0x8 ./X-CUBE-AI/App/audio_model.o
 .rodata.__compound_literal.30
                0x000000000800f548        0x4 ./X-CUBE-AI/App/audio_model.o
 .rodata.__compound_literal.31
                0x000000000800f54c        0x1 ./X-CUBE-AI/App/audio_model.o
 *fill*         0x000000000800f54d        0x3 
 .rodata.__compound_literal.32
                0x000000000800f550        0x8 ./X-CUBE-AI/App/audio_model.o
 .rodata.conv2d_2_scratch1_array_intq
                0x000000000800f558        0x8 ./X-CUBE-AI/App/audio_model.o
 .rodata.__compound_literal.33
                0x000000000800f560        0x4 ./X-CUBE-AI/App/audio_model.o
 .rodata.__compound_literal.34
                0x000000000800f564        0x1 ./X-CUBE-AI/App/audio_model.o
 *fill*         0x000000000800f565        0x3 
 .rodata.__compound_literal.35
                0x000000000800f568        0x8 ./X-CUBE-AI/App/audio_model.o
 .rodata.conv2d_4_scratch1_array_intq
                0x000000000800f570        0x8 ./X-CUBE-AI/App/audio_model.o
 .rodata.__compound_literal.36
                0x000000000800f578        0x4 ./X-CUBE-AI/App/audio_model.o
 .rodata.__compound_literal.37
                0x000000000800f57c        0x1 ./X-CUBE-AI/App/audio_model.o
 *fill*         0x000000000800f57d        0x3 
 .rodata.__compound_literal.38
                0x000000000800f580        0x8 ./X-CUBE-AI/App/audio_model.o
 .rodata.serving_default_input_10_output_array_intq
                0x000000000800f588        0x8 ./X-CUBE-AI/App/audio_model.o
 .rodata.__compound_literal.39
                0x000000000800f590        0x4 ./X-CUBE-AI/App/audio_model.o
 .rodata.__compound_literal.40
                0x000000000800f594        0x1 ./X-CUBE-AI/App/audio_model.o
 *fill*         0x000000000800f595        0x3 
 .rodata.__compound_literal.41
                0x000000000800f598        0x8 ./X-CUBE-AI/App/audio_model.o
 .rodata.conv2d_0_output_array_intq
                0x000000000800f5a0        0x8 ./X-CUBE-AI/App/audio_model.o
 .rodata.__compound_literal.42
                0x000000000800f5a8        0x4 ./X-CUBE-AI/App/audio_model.o
 .rodata.__compound_literal.43
                0x000000000800f5ac        0x1 ./X-CUBE-AI/App/audio_model.o
 *fill*         0x000000000800f5ad        0x3 
 .rodata.__compound_literal.44
                0x000000000800f5b0        0x8 ./X-CUBE-AI/App/audio_model.o
 .rodata.conv2d_2_pad_before_output_array_intq
                0x000000000800f5b8        0x8 ./X-CUBE-AI/App/audio_model.o
 .rodata.__compound_literal.45
                0x000000000800f5c0        0x4 ./X-CUBE-AI/App/audio_model.o
 .rodata.__compound_literal.46
                0x000000000800f5c4        0x1 ./X-CUBE-AI/App/audio_model.o
 *fill*         0x000000000800f5c5        0x3 
 .rodata.__compound_literal.47
                0x000000000800f5c8        0x8 ./X-CUBE-AI/App/audio_model.o
 .rodata.conv2d_2_output_array_intq
                0x000000000800f5d0        0x8 ./X-CUBE-AI/App/audio_model.o
 .rodata.conversion_9_chain
                0x000000000800f5d8        0x8 ./X-CUBE-AI/App/audio_model.o
 .rodata.nl_8_nl_params_data
                0x000000000800f5e0        0xc ./X-CUBE-AI/App/audio_model.o
 .rodata.nl_8_nl_params
                0x000000000800f5ec       0x10 ./X-CUBE-AI/App/audio_model.o
 .rodata.nl_8_chain
                0x000000000800f5fc        0x8 ./X-CUBE-AI/App/audio_model.o
 .rodata.gemm_7_chain
                0x000000000800f604        0x8 ./X-CUBE-AI/App/audio_model.o
 .rodata.pool_6_chain
                0x000000000800f60c        0x8 ./X-CUBE-AI/App/audio_model.o
 .rodata.conv2d_4_chain
                0x000000000800f614        0x8 ./X-CUBE-AI/App/audio_model.o
 .rodata.conv2d_4_pad_before_value_data
                0x000000000800f61c        0x1 ./X-CUBE-AI/App/audio_model.o
 *fill*         0x000000000800f61d        0x3 
 .rodata.conv2d_4_pad_before_value
                0x000000000800f620       0x10 ./X-CUBE-AI/App/audio_model.o
 .rodata.conv2d_4_pad_before_chain
                0x000000000800f630        0x8 ./X-CUBE-AI/App/audio_model.o
 .rodata.conv2d_2_chain
                0x000000000800f638        0x8 ./X-CUBE-AI/App/audio_model.o
 .rodata.conv2d_2_pad_before_value_data
                0x000000000800f640        0x1 ./X-CUBE-AI/App/audio_model.o
 *fill*         0x000000000800f641        0x3 
 .rodata.conv2d_2_pad_before_value
                0x000000000800f644       0x10 ./X-CUBE-AI/App/audio_model.o
 .rodata.conv2d_2_pad_before_chain
                0x000000000800f654        0x8 ./X-CUBE-AI/App/audio_model.o
 .rodata.conv2d_0_chain
                0x000000000800f65c        0x8 ./X-CUBE-AI/App/audio_model.o
 *fill*         0x000000000800f664       0x1c 
 .rodata.s_audio_model_weights_array_u64
                0x000000000800f680     0x5ef8 ./X-CUBE-AI/App/audio_model_data_params.o
                0x000000000800f680                s_audio_model_weights_array_u64
 .rodata._svfprintf_r.str1.1
                0x0000000008015578       0x11 /opt/st/stm32cubeide_1.13.2/plugins/com.st.stm32cube.ide.mcu.externaltools.gnu-tools-for-stm32.11.3.rel1.linux64_1.1.1.202309131626/tools/bin/../lib/gcc/arm-none-eabi/11.3.1/../../../../arm-none-eabi/lib/thumb/v7e-m+fp/hard/libc_nano.a(libc_a-nano-svfprintf.o)
 .rodata._printf_i.str1.1
                0x0000000008015589       0x22 /opt/st/stm32cubeide_1.13.2/plugins/com.st.stm32cube.ide.mcu.externaltools.gnu-tools-for-stm32.11.3.rel1.linux64_1.1.1.202309131626/tools/bin/../lib/gcc/arm-none-eabi/11.3.1/../../../../arm-none-eabi/lib/thumb/v7e-m+fp/hard/libc_nano.a(libc_a-nano-vfprintf_i.o)
 *fill*         0x00000000080155ab        0x1 
 .rodata.bp     0x00000000080155ac        0x8 /opt/st/stm32cubeide_1.13.2/plugins/com.st.stm32cube.ide.mcu.externaltools.gnu-tools-for-stm32.11.3.rel1.linux64_1.1.1.202309131626/tools/bin/../lib/gcc/arm-none-eabi/11.3.1/../../../../arm-none-eabi/lib/thumb/v7e-m+fp/hard/libm.a(libm_a-ef_pow.o)
 .rodata.dp_h   0x00000000080155b4        0x8 /opt/st/stm32cubeide_1.13.2/plugins/com.st.stm32cube.ide.mcu.externaltools.gnu-tools-for-stm32.11.3.rel1.linux64_1.1.1.202309131626/tools/bin/../lib/gcc/arm-none-eabi/11.3.1/../../../../arm-none-eabi/lib/thumb/v7e-m+fp/hard/libm.a(libm_a-ef_pow.o)
 .rodata.dp_l   0x00000000080155bc        0x8 /opt/st/stm32cubeide_1.13.2/plugins/com.st.stm32cube.ide.mcu.externaltools.gnu-tools-for-stm32.11.3.rel1.linux64_1.1.1.202309131626/tools/bin/../lib/gcc/arm-none-eabi/11.3.1/../../../../arm-none-eabi/lib/thumb/v7e-m+fp/hard/libm.a(libm_a-ef_pow.o)
                0x00000000080155c4                . = ALIGN (0x4)

.ARM.extab      0x00000000080155c4        0x0
                0x00000000080155c4                . = ALIGN (0x4)
 *(.ARM.extab* .gnu.linkonce.armextab.*)
                0x00000000080155c4                . = ALIGN (0x4)

.ARM            0x00000000080155c4        0x8
                0x00000000080155c4                . = ALIGN (0x4)
                0x00000000080155c4                __exidx_start = .
 *(.ARM.exidx*)
 .ARM.exidx     0x00000000080155c4        0x8 /opt/st/stm32cubeide_1.13.2/plugins/com.st.stm32cube.ide.mcu.externaltools.gnu-tools-for-stm32.11.3.rel1.linux64_1.1.1.202309131626/tools/bin/../lib/gcc/arm-none-eabi/11.3.1/thumb/v7e-m+fp/hard/libgcc.a(_udivmoddi4.o)
                0x00000000080155cc                __exidx_end = .
                0x00000000080155cc                . = ALIGN (0x4)

.rel.dyn        0x00000000080155cc        0x0
 .rel.iplt      0x00000000080155cc        0x0 /opt/st/stm32cubeide_1.13.2/plugins/com.st.stm32cube.ide.mcu.externaltools.gnu-tools-for-stm32.11.3.rel1.linux64_1.1.1.202309131626/tools/bin/../lib/gcc/arm-none-eabi/11.3.1/thumb/v7e-m+fp/hard/crtbegin.o

.preinit_array  0x00000000080155cc        0x0
                0x00000000080155cc                . = ALIGN (0x4)
                0x00000000080155cc                PROVIDE (__preinit_array_start = .)
 *(.preinit_array*)
                0x00000000080155cc                PROVIDE (__preinit_array_end = .)
                0x00000000080155cc                . = ALIGN (0x4)

.init_array     0x00000000080155cc        0x4
                0x00000000080155cc                . = ALIGN (0x4)
                0x00000000080155cc                PROVIDE (__init_array_start = .)
 *(SORT_BY_NAME(.init_array.*))
 *(.init_array*)
 .init_array    0x00000000080155cc        0x4 /opt/st/stm32cubeide_1.13.2/plugins/com.st.stm32cube.ide.mcu.externaltools.gnu-tools-for-stm32.11.3.rel1.linux64_1.1.1.202309131626/tools/bin/../lib/gcc/arm-none-eabi/11.3.1/thumb/v7e-m+fp/hard/crtbegin.o
                0x00000000080155d0                PROVIDE (__init_array_end = .)
                0x00000000080155d0                . = ALIGN (0x4)

.fini_array     0x00000000080155d0        0x4
                0x00000000080155d0                . = ALIGN (0x4)
                [!provide]                        PROVIDE (__fini_array_start = .)
 *(SORT_BY_NAME(.fini_array.*))
 *(.fini_array*)
 .fini_array    0x00000000080155d0        0x4 /opt/st/stm32cubeide_1.13.2/plugins/com.st.stm32cube.ide.mcu.externaltools.gnu-tools-for-stm32.11.3.rel1.linux64_1.1.1.202309131626/tools/bin/../lib/gcc/arm-none-eabi/11.3.1/thumb/v7e-m+fp/hard/crtbegin.o
                [!provide]                        PROVIDE (__fini_array_end = .)
                0x00000000080155d4                . = ALIGN (0x4)
                0x00000000080155d4                _sidata = LOADADDR (.data)

.data           0x0000000020000000     0x25d4 load address 0x00000000080155d4
                0x0000000020000000                . = ALIGN (0x4)
                0x0000000020000000                _sdata = .
 *(.data)
 *(.data*)
 .data.inp      0x0000000020000000     0x1800 ./Core/Src/main.o
                0x0000000020000000                inp
 .data.SystemCoreClock
                0x0000000020001800        0x4 ./Core/Src/system_stm32l4xx.o
                0x0000000020001800                SystemCoreClock
 .data.uwTickPrio
                0x0000000020001804        0x4 ./Drivers/STM32L4xx_HAL_Driver/Src/stm32l4xx_hal.o
                0x0000000020001804                uwTickPrio
 .data.uwTickFreq
                0x0000000020001808        0x1 ./Drivers/STM32L4xx_HAL_Driver/Src/stm32l4xx_hal.o
                0x0000000020001808                uwTickFreq
 *fill*         0x0000000020001809        0x3 
 .data.conv2d_4_pad_before_output_array
                0x000000002000180c       0x10 ./X-CUBE-AI/App/audio_model.o
 .data.conv2d_4_output_array
                0x000000002000181c       0x10 ./X-CUBE-AI/App/audio_model.o
 .data.pool_6_output_array
                0x000000002000182c       0x10 ./X-CUBE-AI/App/audio_model.o
 .data.gemm_7_output_array
                0x000000002000183c       0x10 ./X-CUBE-AI/App/audio_model.o
 .data.nl_8_output_array
                0x000000002000184c       0x10 ./X-CUBE-AI/App/audio_model.o
 .data.conversion_9_output_array
                0x000000002000185c       0x10 ./X-CUBE-AI/App/audio_model.o
 .data.conv2d_0_weights_array
                0x000000002000186c       0x10 ./X-CUBE-AI/App/audio_model.o
 .data.conv2d_0_bias_array
                0x000000002000187c       0x10 ./X-CUBE-AI/App/audio_model.o
 .data.conv2d_2_weights_array
                0x000000002000188c       0x10 ./X-CUBE-AI/App/audio_model.o
 .data.conv2d_2_bias_array
                0x000000002000189c       0x10 ./X-CUBE-AI/App/audio_model.o
 .data.conv2d_4_weights_array
                0x00000000200018ac       0x10 ./X-CUBE-AI/App/audio_model.o
 .data.conv2d_4_bias_array
                0x00000000200018bc       0x10 ./X-CUBE-AI/App/audio_model.o
 .data.gemm_7_weights_array
                0x00000000200018cc       0x10 ./X-CUBE-AI/App/audio_model.o
 .data.gemm_7_bias_array
                0x00000000200018dc       0x10 ./X-CUBE-AI/App/audio_model.o
 .data.conv2d_0_scratch0_array
                0x00000000200018ec       0x10 ./X-CUBE-AI/App/audio_model.o
 .data.conv2d_0_scratch1_array
                0x00000000200018fc       0x10 ./X-CUBE-AI/App/audio_model.o
 .data.conv2d_2_scratch0_array
                0x000000002000190c       0x10 ./X-CUBE-AI/App/audio_model.o
 .data.conv2d_2_scratch1_array
                0x000000002000191c       0x10 ./X-CUBE-AI/App/audio_model.o
 .data.conv2d_4_scratch0_array
                0x000000002000192c       0x10 ./X-CUBE-AI/App/audio_model.o
 .data.conv2d_4_scratch1_array
                0x000000002000193c       0x10 ./X-CUBE-AI/App/audio_model.o
 .data.gemm_7_scratch0_array
                0x000000002000194c       0x10 ./X-CUBE-AI/App/audio_model.o
 .data.nl_8_scratch0_array
                0x000000002000195c       0x10 ./X-CUBE-AI/App/audio_model.o
 .data.serving_default_input_10_output_array
                0x000000002000196c       0x10 ./X-CUBE-AI/App/audio_model.o
 .data.conv2d_0_output_array
                0x000000002000197c       0x10 ./X-CUBE-AI/App/audio_model.o
 .data.conv2d_2_pad_before_output_array
                0x000000002000198c       0x10 ./X-CUBE-AI/App/audio_model.o
 .data.conv2d_2_output_array
                0x000000002000199c       0x10 ./X-CUBE-AI/App/audio_model.o
 .data.__compound_literal.48
                0x00000000200019ac       0x10 ./X-CUBE-AI/App/audio_model.o
 .data.__compound_literal.49
                0x00000000200019bc       0x10 ./X-CUBE-AI/App/audio_model.o
 .data.conv2d_4_pad_before_output
                0x00000000200019cc       0x1c ./X-CUBE-AI/App/audio_model.o
 .data.__compound_literal.50
                0x00000000200019e8       0x10 ./X-CUBE-AI/App/audio_model.o
 .data.__compound_literal.51
                0x00000000200019f8       0x10 ./X-CUBE-AI/App/audio_model.o
 .data.conv2d_4_output
                0x0000000020001a08       0x1c ./X-CUBE-AI/App/audio_model.o
 .data.__compound_literal.52
                0x0000000020001a24       0x10 ./X-CUBE-AI/App/audio_model.o
 .data.__compound_literal.53
                0x0000000020001a34       0x10 ./X-CUBE-AI/App/audio_model.o
 .data.pool_6_output
                0x0000000020001a44       0x1c ./X-CUBE-AI/App/audio_model.o
 .data.__compound_literal.54
                0x0000000020001a60       0x10 ./X-CUBE-AI/App/audio_model.o
 .data.__compound_literal.55
                0x0000000020001a70       0x10 ./X-CUBE-AI/App/audio_model.o
 .data.gemm_7_output
                0x0000000020001a80       0x1c ./X-CUBE-AI/App/audio_model.o
 .data.__compound_literal.56
                0x0000000020001a9c       0x10 ./X-CUBE-AI/App/audio_model.o
 .data.__compound_literal.57
                0x0000000020001aac       0x10 ./X-CUBE-AI/App/audio_model.o
 .data.nl_8_output
                0x0000000020001abc       0x1c ./X-CUBE-AI/App/audio_model.o
 .data.__compound_literal.58
                0x0000000020001ad8       0x10 ./X-CUBE-AI/App/audio_model.o
 .data.__compound_literal.59
                0x0000000020001ae8       0x10 ./X-CUBE-AI/App/audio_model.o
 .data.conversion_9_output
                0x0000000020001af8       0x1c ./X-CUBE-AI/App/audio_model.o
 .data.__compound_literal.60
                0x0000000020001b14       0x10 ./X-CUBE-AI/App/audio_model.o
 .data.__compound_literal.61
                0x0000000020001b24       0x10 ./X-CUBE-AI/App/audio_model.o
 .data.conv2d_0_weights
                0x0000000020001b34       0x1c ./X-CUBE-AI/App/audio_model.o
 .data.__compound_literal.62
                0x0000000020001b50       0x10 ./X-CUBE-AI/App/audio_model.o
 .data.__compound_literal.63
                0x0000000020001b60       0x10 ./X-CUBE-AI/App/audio_model.o
 .data.conv2d_0_bias
                0x0000000020001b70       0x1c ./X-CUBE-AI/App/audio_model.o
 .data.__compound_literal.64
                0x0000000020001b8c       0x10 ./X-CUBE-AI/App/audio_model.o
 .data.__compound_literal.65
                0x0000000020001b9c       0x10 ./X-CUBE-AI/App/audio_model.o
 .data.conv2d_2_weights
                0x0000000020001bac       0x1c ./X-CUBE-AI/App/audio_model.o
 .data.__compound_literal.66
                0x0000000020001bc8       0x10 ./X-CUBE-AI/App/audio_model.o
 .data.__compound_literal.67
                0x0000000020001bd8       0x10 ./X-CUBE-AI/App/audio_model.o
 .data.conv2d_2_bias
                0x0000000020001be8       0x1c ./X-CUBE-AI/App/audio_model.o
 .data.__compound_literal.68
                0x0000000020001c04       0x10 ./X-CUBE-AI/App/audio_model.o
 .data.__compound_literal.69
                0x0000000020001c14       0x10 ./X-CUBE-AI/App/audio_model.o
 .data.conv2d_4_weights
                0x0000000020001c24       0x1c ./X-CUBE-AI/App/audio_model.o
 .data.__compound_literal.70
                0x0000000020001c40       0x10 ./X-CUBE-AI/App/audio_model.o
 .data.__compound_literal.71
                0x0000000020001c50       0x10 ./X-CUBE-AI/App/audio_model.o
 .data.conv2d_4_bias
                0x0000000020001c60       0x1c ./X-CUBE-AI/App/audio_model.o
 .data.__compound_literal.72
                0x0000000020001c7c       0x10 ./X-CUBE-AI/App/audio_model.o
 .data.__compound_literal.73
                0x0000000020001c8c       0x10 ./X-CUBE-AI/App/audio_model.o
 .data.gemm_7_weights
                0x0000000020001c9c       0x1c ./X-CUBE-AI/App/audio_model.o
 .data.__compound_literal.74
                0x0000000020001cb8       0x10 ./X-CUBE-AI/App/audio_model.o
 .data.__compound_literal.75
                0x0000000020001cc8       0x10 ./X-CUBE-AI/App/audio_model.o
 .data.gemm_7_bias
                0x0000000020001cd8       0x1c ./X-CUBE-AI/App/audio_model.o
 .data.__compound_literal.76
                0x0000000020001cf4       0x10 ./X-CUBE-AI/App/audio_model.o
 .data.__compound_literal.77
                0x0000000020001d04       0x10 ./X-CUBE-AI/App/audio_model.o
 .data.conv2d_0_scratch0
                0x0000000020001d14       0x1c ./X-CUBE-AI/App/audio_model.o
 .data.__compound_literal.78
                0x0000000020001d30       0x10 ./X-CUBE-AI/App/audio_model.o
 .data.__compound_literal.79
                0x0000000020001d40       0x10 ./X-CUBE-AI/App/audio_model.o
 .data.conv2d_0_scratch1
                0x0000000020001d50       0x1c ./X-CUBE-AI/App/audio_model.o
 .data.__compound_literal.80
                0x0000000020001d6c       0x10 ./X-CUBE-AI/App/audio_model.o
 .data.__compound_literal.81
                0x0000000020001d7c       0x10 ./X-CUBE-AI/App/audio_model.o
 .data.conv2d_2_scratch0
                0x0000000020001d8c       0x1c ./X-CUBE-AI/App/audio_model.o
 .data.__compound_literal.82
                0x0000000020001da8       0x10 ./X-CUBE-AI/App/audio_model.o
 .data.__compound_literal.83
                0x0000000020001db8       0x10 ./X-CUBE-AI/App/audio_model.o
 .data.conv2d_2_scratch1
                0x0000000020001dc8       0x1c ./X-CUBE-AI/App/audio_model.o
 .data.__compound_literal.84
                0x0000000020001de4       0x10 ./X-CUBE-AI/App/audio_model.o
 .data.__compound_literal.85
                0x0000000020001df4       0x10 ./X-CUBE-AI/App/audio_model.o
 .data.conv2d_4_scratch0
                0x0000000020001e04       0x1c ./X-CUBE-AI/App/audio_model.o
 .data.__compound_literal.86
                0x0000000020001e20       0x10 ./X-CUBE-AI/App/audio_model.o
 .data.__compound_literal.87
                0x0000000020001e30       0x10 ./X-CUBE-AI/App/audio_model.o
 .data.conv2d_4_scratch1
                0x0000000020001e40       0x1c ./X-CUBE-AI/App/audio_model.o
 .data.__compound_literal.88
                0x0000000020001e5c       0x10 ./X-CUBE-AI/App/audio_model.o
 .data.__compound_literal.89
                0x0000000020001e6c       0x10 ./X-CUBE-AI/App/audio_model.o
 .data.gemm_7_scratch0
                0x0000000020001e7c       0x1c ./X-CUBE-AI/App/audio_model.o
 .data.__compound_literal.90
                0x0000000020001e98       0x10 ./X-CUBE-AI/App/audio_model.o
 .data.__compound_literal.91
                0x0000000020001ea8       0x10 ./X-CUBE-AI/App/audio_model.o
 .data.nl_8_scratch0
                0x0000000020001eb8       0x1c ./X-CUBE-AI/App/audio_model.o
 .data.__compound_literal.92
                0x0000000020001ed4       0x10 ./X-CUBE-AI/App/audio_model.o
 .data.__compound_literal.93
                0x0000000020001ee4       0x10 ./X-CUBE-AI/App/audio_model.o
 .data.serving_default_input_10_output
                0x0000000020001ef4       0x1c ./X-CUBE-AI/App/audio_model.o
 .data.__compound_literal.94
                0x0000000020001f10       0x10 ./X-CUBE-AI/App/audio_model.o
 .data.__compound_literal.95
                0x0000000020001f20       0x10 ./X-CUBE-AI/App/audio_model.o
 .data.conv2d_0_output
                0x0000000020001f30       0x1c ./X-CUBE-AI/App/audio_model.o
 .data.__compound_literal.96
                0x0000000020001f4c       0x10 ./X-CUBE-AI/App/audio_model.o
 .data.__compound_literal.97
                0x0000000020001f5c       0x10 ./X-CUBE-AI/App/audio_model.o
 .data.conv2d_2_pad_before_output
                0x0000000020001f6c       0x1c ./X-CUBE-AI/App/audio_model.o
 .data.__compound_literal.98
                0x0000000020001f88       0x10 ./X-CUBE-AI/App/audio_model.o
 .data.__compound_literal.99
                0x0000000020001f98       0x10 ./X-CUBE-AI/App/audio_model.o
 .data.conv2d_2_output
                0x0000000020001fa8       0x1c ./X-CUBE-AI/App/audio_model.o
 .data.__compound_literal.100
                0x0000000020001fc4        0x4 ./X-CUBE-AI/App/audio_model.o
 .data.__compound_literal.101
                0x0000000020001fc8        0x4 ./X-CUBE-AI/App/audio_model.o
 .data.__compound_literal.104
                0x0000000020001fcc       0x30 ./X-CUBE-AI/App/audio_model.o
 .data.conversion_9_layer
                0x0000000020001ffc       0x20 ./X-CUBE-AI/App/audio_model.o
 .data.__compound_literal.105
                0x000000002000201c        0x4 ./X-CUBE-AI/App/audio_model.o
 .data.__compound_literal.106
                0x0000000020002020        0x4 ./X-CUBE-AI/App/audio_model.o
 .data.__compound_literal.108
                0x0000000020002024        0x4 ./X-CUBE-AI/App/audio_model.o
 .data.__compound_literal.109
                0x0000000020002028       0x30 ./X-CUBE-AI/App/audio_model.o
 .data.nl_8_layer
                0x0000000020002058       0x20 ./X-CUBE-AI/App/audio_model.o
 .data.__compound_literal.110
                0x0000000020002078        0x4 ./X-CUBE-AI/App/audio_model.o
 .data.__compound_literal.111
                0x000000002000207c        0x4 ./X-CUBE-AI/App/audio_model.o
 .data.__compound_literal.112
                0x0000000020002080        0x8 ./X-CUBE-AI/App/audio_model.o
 .data.__compound_literal.113
                0x0000000020002088        0x4 ./X-CUBE-AI/App/audio_model.o
 .data.__compound_literal.114
                0x000000002000208c       0x30 ./X-CUBE-AI/App/audio_model.o
 .data.gemm_7_layer
                0x00000000200020bc       0x1c ./X-CUBE-AI/App/audio_model.o
 .data.__compound_literal.115
                0x00000000200020d8        0x4 ./X-CUBE-AI/App/audio_model.o
 .data.__compound_literal.116
                0x00000000200020dc        0x4 ./X-CUBE-AI/App/audio_model.o
 .data.__compound_literal.119
                0x00000000200020e0       0x30 ./X-CUBE-AI/App/audio_model.o
 .data.pool_6_layer
                0x0000000020002110       0x38 ./X-CUBE-AI/App/audio_model.o
 .data.__compound_literal.121
                0x0000000020002148        0x4 ./X-CUBE-AI/App/audio_model.o
 .data.__compound_literal.122
                0x000000002000214c        0x4 ./X-CUBE-AI/App/audio_model.o
 .data.__compound_literal.123
                0x0000000020002150        0xc ./X-CUBE-AI/App/audio_model.o
 .data.__compound_literal.124
                0x000000002000215c        0x8 ./X-CUBE-AI/App/audio_model.o
 .data.__compound_literal.125
                0x0000000020002164       0x30 ./X-CUBE-AI/App/audio_model.o
 .data.conv2d_4_layer
                0x0000000020002194       0x60 ./X-CUBE-AI/App/audio_model.o
 .data.__compound_literal.128
                0x00000000200021f4        0x4 ./X-CUBE-AI/App/audio_model.o
 .data.__compound_literal.129
                0x00000000200021f8        0x4 ./X-CUBE-AI/App/audio_model.o
 .data.__compound_literal.132
                0x00000000200021fc       0x30 ./X-CUBE-AI/App/audio_model.o
 .data.__compound_literal.133
                0x000000002000222c       0x10 ./X-CUBE-AI/App/audio_model.o
 .data.conv2d_4_pad_before_layer
                0x000000002000223c       0x2c ./X-CUBE-AI/App/audio_model.o
 .data.__compound_literal.134
                0x0000000020002268        0x4 ./X-CUBE-AI/App/audio_model.o
 .data.__compound_literal.135
                0x000000002000226c        0x4 ./X-CUBE-AI/App/audio_model.o
 .data.__compound_literal.136
                0x0000000020002270        0xc ./X-CUBE-AI/App/audio_model.o
 .data.__compound_literal.137
                0x000000002000227c        0x8 ./X-CUBE-AI/App/audio_model.o
 .data.__compound_literal.138
                0x0000000020002284       0x30 ./X-CUBE-AI/App/audio_model.o
 .data.conv2d_2_layer
                0x00000000200022b4       0x60 ./X-CUBE-AI/App/audio_model.o
 .data.__compound_literal.141
                0x0000000020002314        0x4 ./X-CUBE-AI/App/audio_model.o
 .data.__compound_literal.142
                0x0000000020002318        0x4 ./X-CUBE-AI/App/audio_model.o
 .data.__compound_literal.145
                0x000000002000231c       0x30 ./X-CUBE-AI/App/audio_model.o
 .data.__compound_literal.146
                0x000000002000234c       0x10 ./X-CUBE-AI/App/audio_model.o
 .data.conv2d_2_pad_before_layer
                0x000000002000235c       0x2c ./X-CUBE-AI/App/audio_model.o
 .data.__compound_literal.147
                0x0000000020002388        0x4 ./X-CUBE-AI/App/audio_model.o
 .data.__compound_literal.148
                0x000000002000238c        0x4 ./X-CUBE-AI/App/audio_model.o
 .data.__compound_literal.149
                0x0000000020002390        0xc ./X-CUBE-AI/App/audio_model.o
 .data.__compound_literal.150
                0x000000002000239c        0x8 ./X-CUBE-AI/App/audio_model.o
 .data.__compound_literal.151
                0x00000000200023a4       0x30 ./X-CUBE-AI/App/audio_model.o
 .data.__compound_literal.152
                0x00000000200023d4       0x10 ./X-CUBE-AI/App/audio_model.o
 .data.conv2d_0_layer
                0x00000000200023e4       0x60 ./X-CUBE-AI/App/audio_model.o
 .data.__compound_literal.154
                0x0000000020002444       0x10 ./X-CUBE-AI/App/audio_model.o
 .data.__compound_literal.155
                0x0000000020002454       0x1c ./X-CUBE-AI/App/audio_model.o
 .data.__compound_literal.156
                0x0000000020002470       0x10 ./X-CUBE-AI/App/audio_model.o
 .data.__compound_literal.157
                0x0000000020002480       0x1c ./X-CUBE-AI/App/audio_model.o
 .data.__compound_literal.158
                0x000000002000249c        0x4 ./X-CUBE-AI/App/audio_model.o
 .data.__compound_literal.162
                0x00000000200024a0        0xc ./X-CUBE-AI/App/audio_model.o
 .data.__compound_literal.163
                0x00000000200024ac        0x4 ./X-CUBE-AI/App/audio_model.o
 .data.__compound_literal.167
                0x00000000200024b0        0xc ./X-CUBE-AI/App/audio_model.o
 .data.__compound_literal.168
                0x00000000200024bc       0x18 ./X-CUBE-AI/App/audio_model.o
 .data.g_audio_model
                0x00000000200024d4       0x4c ./X-CUBE-AI/App/audio_model.o
 .data.__compound_literal.0
                0x0000000020002520       0x10 ./X-CUBE-AI/App/audio_model_data.o
 .data.g_audio_model_data_map_activations
                0x0000000020002530       0x1c ./X-CUBE-AI/App/audio_model_data.o
                0x0000000020002530                g_audio_model_data_map_activations
 .data.__compound_literal.1
                0x000000002000254c       0x10 ./X-CUBE-AI/App/audio_model_data.o
 .data.g_audio_model_data_map_weights
                0x000000002000255c       0x1c ./X-CUBE-AI/App/audio_model_data.o
                0x000000002000255c                g_audio_model_data_map_weights
 .data.g_audio_model_weights_table
                0x0000000020002578        0xc ./X-CUBE-AI/App/audio_model_data_params.o
                0x0000000020002578                g_audio_model_weights_table
 .data._impure_data
                0x0000000020002584       0x4c /opt/st/stm32cubeide_1.13.2/plugins/com.st.stm32cube.ide.mcu.externaltools.gnu-tools-for-stm32.11.3.rel1.linux64_1.1.1.202309131626/tools/bin/../lib/gcc/arm-none-eabi/11.3.1/../../../../arm-none-eabi/lib/thumb/v7e-m+fp/hard/libc_nano.a(libc_a-impure.o)
                0x0000000020002584                _impure_data
 .data._impure_ptr
                0x00000000200025d0        0x4 /opt/st/stm32cubeide_1.13.2/plugins/com.st.stm32cube.ide.mcu.externaltools.gnu-tools-for-stm32.11.3.rel1.linux64_1.1.1.202309131626/tools/bin/../lib/gcc/arm-none-eabi/11.3.1/../../../../arm-none-eabi/lib/thumb/v7e-m+fp/hard/libc_nano.a(libc_a-impure.o)
                0x00000000200025d0                _impure_ptr
 *(.RamFunc)
 *(.RamFunc*)
                0x00000000200025d4                . = ALIGN (0x4)
                0x00000000200025d4                _edata = .

.igot.plt       0x00000000200025d4        0x0 load address 0x0000000008017ba8
 .igot.plt      0x00000000200025d4        0x0 /opt/st/stm32cubeide_1.13.2/plugins/com.st.stm32cube.ide.mcu.externaltools.gnu-tools-for-stm32.11.3.rel1.linux64_1.1.1.202309131626/tools/bin/../lib/gcc/arm-none-eabi/11.3.1/thumb/v7e-m+fp/hard/crtbegin.o
                0x00000000200025d4                . = ALIGN (0x4)

.bss            0x00000000200025d4      0x358 load address 0x0000000008017ba8
                0x00000000200025d4                _sbss = .
                0x00000000200025d4                __bss_start__ = _sbss
 *(.bss)
 .bss           0x00000000200025d4       0x1c /opt/st/stm32cubeide_1.13.2/plugins/com.st.stm32cube.ide.mcu.externaltools.gnu-tools-for-stm32.11.3.rel1.linux64_1.1.1.202309131626/tools/bin/../lib/gcc/arm-none-eabi/11.3.1/thumb/v7e-m+fp/hard/crtbegin.o
 *(.bss*)
 .bss.hcrc      0x00000000200025f0       0x24 ./Core/Src/main.o
                0x00000000200025f0                hcrc
 .bss.htim16    0x0000000020002614       0x4c ./Core/Src/main.o
                0x0000000020002614                htim16
 .bss.huart2    0x0000000020002660       0x88 ./Core/Src/main.o
                0x0000000020002660                huart2
 .bss.__sbrk_heap_end
                0x00000000200026e8        0x4 ./Core/Src/sysmem.o