../Core/Src/main.c:111:5:main	43536	static
../Core/Src/main.c:258:6:SystemClock_Config	96	static
../Core/Src/main.c:315:13:MX_ADC1_Init	32	static
../Core/Src/main.c:374:13:MX_CRC_Init	8	static
../Core/Src/main.c:405:13:MX_DFSDM1_Init	8	static
../Core/Src/main.c:458:13:MX_I2C1_Init	8	static
../Core/Src/main.c:506:13:MX_I2C3_Init	8	static
../Core/Src/main.c:554:13:MX_RTC_Init	32	static
../Core/Src/main.c:618:13:MX_SDMMC1_SD_Init	4	static
../Core/Src/main.c:646:13:MX_SPI1_Init	8	static
../Core/Src/main.c:686:13:MX_SPI2_Init	8	static
../Core/Src/main.c:726:13:MX_SPI3_Init	8	static
../Core/Src/main.c:766:13:MX_TIM2_Init	40	static
../Core/Src/main.c:811:13:MX_TIM6_Init	24	static
../Core/Src/main.c:849:13:MX_TIM7_Init	24	static
../Core/Src/main.c:887:13:MX_USART3_UART_Init	8	static
../Core/Src/main.c:933:13:MX_DMA_Init	16	static
../Core/Src/main.c:952:13:MX_GPIO_Init	64	static
../Core/Src/main.c:1095:6:Error_Handler	4	static,ignoring_inline_asm
