../Core/Src/stm32l4xx_hal_msp.c:65:6:HAL_MspInit	16	static
../Core/Src/stm32l4xx_hal_msp.c:87:6:HAL_ADC_MspInit	208	static
../Core/Src/stm32l4xx_hal_msp.c:145:6:HAL_ADC_MspDeInit	16	static
../Core/Src/stm32l4xx_hal_msp.c:176:6:HAL_CRC_MspInit	24	static
../Core/Src/stm32l4xx_hal_msp.c:198:6:HAL_CRC_MspDeInit	16	static
../Core/Src/stm32l4xx_hal_msp.c:223:6:HAL_DFSDM_FilterMspInit	176	static
../Core/Src/stm32l4xx_hal_msp.c:283:6:HAL_DFSDM_ChannelMspInit	176	static
../Core/Src/stm32l4xx_hal_msp.c:320:6:HAL_DFSDM_FilterMspDeInit	16	static
../Core/Src/stm32l4xx_hal_msp.c:347:6:HAL_DFSDM_ChannelMspDeInit	16	static
../Core/Src/stm32l4xx_hal_msp.c:370:6:HAL_I2C_MspInit	208	static
../Core/Src/stm32l4xx_hal_msp.c:450:6:HAL_I2C_MspDeInit	16	static
../Core/Src/stm32l4xx_hal_msp.c:501:6:HAL_RTC_MspInit	176	static
../Core/Src/stm32l4xx_hal_msp.c:534:6:HAL_RTC_MspDeInit	16	static
../Core/Src/stm32l4xx_hal_msp.c:556:6:HAL_SD_MspInit	208	static
../Core/Src/stm32l4xx_hal_msp.c:638:6:HAL_SD_MspDeInit	16	static
../Core/Src/stm32l4xx_hal_msp.c:682:6:HAL_SPI_MspInit	64	static
../Core/Src/stm32l4xx_hal_msp.c:791:6:HAL_SPI_MspDeInit	16	static
../Core/Src/stm32l4xx_hal_msp.c:861:6:HAL_TIM_Base_MspInit	32	static
../Core/Src/stm32l4xx_hal_msp.c:908:6:HAL_TIM_Base_MspDeInit	16	static
../Core/Src/stm32l4xx_hal_msp.c:955:6:HAL_UART_MspInit	200	static
../Core/Src/stm32l4xx_hal_msp.c:1002:6:HAL_UART_MspDeInit	16	static
