/home/pranay/iitd/sem7/col788/STSW-STLKT01_V2.5.0/Middlewares/ST/STM32_USB_Device_Library/Core/Src/usbd_ctlreq.c:100:20:USBD_StdDevReq	32	static
/home/pranay/iitd/sem7/col788/STSW-STLKT01_V2.5.0/Middlewares/ST/STM32_USB_Device_Library/Core/Src/usbd_ctlreq.c:163:20:USBD_StdItfReq	16	static
/home/pranay/iitd/sem7/col788/STSW-STLKT01_V2.5.0/Middlewares/ST/STM32_USB_Device_Library/Core/Src/usbd_ctlreq.c:214:20:USBD_StdEPReq	16	static
/home/pranay/iitd/sem7/col788/STSW-STLKT01_V2.5.0/Middlewares/ST/STM32_USB_Device_Library/Core/Src/usbd_ctlreq.c:839:6:USBD_ParseSetupRequest	0	static
/home/pranay/iitd/sem7/col788/STSW-STLKT01_V2.5.0/Middlewares/ST/STM32_USB_Device_Library/Core/Src/usbd_ctlreq.c:868:6:USBD_CtlError	8	static
/home/pranay/iitd/sem7/col788/STSW-STLKT01_V2.5.0/Middlewares/ST/STM32_USB_Device_Library/Core/Src/usbd_ctlreq.c:885:6:USBD_GetString	8	static
