/home/pranay/iitd/sem7/col788/STSW-STLKT01_V2.5.0/Drivers/BSP/Components/lsm303agr/lsm303agr.c:245:9:LSM303AGR_ACC_GetCapabilities	4	static
/home/pranay/iitd/sem7/col788/STSW-STLKT01_V2.5.0/Drivers/BSP/Components/lsm303agr/lsm303agr.c:861:9:LSM303AGR_MAG_GetCapabilities	4	static
/home/pranay/iitd/sem7/col788/STSW-STLKT01_V2.5.0/Drivers/BSP/Components/lsm303agr/lsm303agr.c:933:9:LSM303AGR_MAG_GetSensitivity	0	static
/home/pranay/iitd/sem7/col788/STSW-STLKT01_V2.5.0/Drivers/BSP/Components/lsm303agr/lsm303agr.c:1013:9:LSM303AGR_MAG_GetFullScale	0	static
/home/pranay/iitd/sem7/col788/STSW-STLKT01_V2.5.0/Drivers/BSP/Components/lsm303agr/lsm303agr.c:1026:9:LSM303AGR_MAG_SetFullScale	0	static
/home/pranay/iitd/sem7/col788/STSW-STLKT01_V2.5.0/Drivers/BSP/Components/lsm303agr/lsm303agr.c:494:9:LSM303AGR_ACC_SetOutputDataRate	8	static
/home/pranay/iitd/sem7/col788/STSW-STLKT01_V2.5.0/Drivers/BSP/Components/lsm303agr/lsm303agr.c:169:9:LSM303AGR_ACC_Init	16	static
/home/pranay/iitd/sem7/col788/STSW-STLKT01_V2.5.0/Drivers/BSP/Components/lsm303agr/lsm303agr.c:556:9:LSM303AGR_ACC_SetFullScale	8	static
/home/pranay/iitd/sem7/col788/STSW-STLKT01_V2.5.0/Drivers/BSP/Components/lsm303agr/lsm303agr.c:229:9:LSM303AGR_ACC_ReadID	8	static
/home/pranay/iitd/sem7/col788/STSW-STLKT01_V2.5.0/Drivers/BSP/Components/lsm303agr/lsm303agr.c:372:9:LSM303AGR_ACC_GetOutputDataRate	24	static
/home/pranay/iitd/sem7/col788/STSW-STLKT01_V2.5.0/Drivers/BSP/Components/lsm303agr/lsm303agr.c:513:9:LSM303AGR_ACC_GetFullScale	16	static
/home/pranay/iitd/sem7/col788/STSW-STLKT01_V2.5.0/Drivers/BSP/Components/lsm303agr/lsm303agr.c:579:9:LSM303AGR_ACC_GetAxesRaw	32	static
/home/pranay/iitd/sem7/col788/STSW-STLKT01_V2.5.0/Drivers/BSP/Components/lsm303agr/lsm303agr.c:989:9:LSM303AGR_MAG_SetOutputDataRate	8	static
/home/pranay/iitd/sem7/col788/STSW-STLKT01_V2.5.0/Drivers/BSP/Components/lsm303agr/lsm303agr.c:790:9:LSM303AGR_MAG_Init	16	static
/home/pranay/iitd/sem7/col788/STSW-STLKT01_V2.5.0/Drivers/BSP/Components/lsm303agr/lsm303agr.c:845:9:LSM303AGR_MAG_ReadID	8	static
/home/pranay/iitd/sem7/col788/STSW-STLKT01_V2.5.0/Drivers/BSP/Components/lsm303agr/lsm303agr.c:946:9:LSM303AGR_MAG_GetOutputDataRate	16	static
/home/pranay/iitd/sem7/col788/STSW-STLKT01_V2.5.0/Drivers/BSP/Components/lsm303agr/lsm303agr.c:1037:9:LSM303AGR_MAG_GetAxesRaw	16	static
/home/pranay/iitd/sem7/col788/STSW-STLKT01_V2.5.0/Drivers/BSP/Components/lsm303agr/lsm303agr.c:1061:9:LSM303AGR_MAG_GetAxes	16	static
/home/pranay/iitd/sem7/col788/STSW-STLKT01_V2.5.0/Drivers/BSP/Components/lsm303agr/lsm303agr.c:1345:16:ReadAccRegWrap	4	static
/home/pranay/iitd/sem7/col788/STSW-STLKT01_V2.5.0/Drivers/BSP/Components/lsm303agr/lsm303agr.c:1369:16:WriteAccRegWrap	4	static
/home/pranay/iitd/sem7/col788/STSW-STLKT01_V2.5.0/Drivers/BSP/Components/lsm303agr/lsm303agr.c:1393:16:ReadMagRegWrap	4	static
/home/pranay/iitd/sem7/col788/STSW-STLKT01_V2.5.0/Drivers/BSP/Components/lsm303agr/lsm303agr.c:1417:16:WriteMagRegWrap	4	static
/home/pranay/iitd/sem7/col788/STSW-STLKT01_V2.5.0/Drivers/BSP/Components/lsm303agr/lsm303agr.c:268:9:LSM303AGR_ACC_Enable	8	static
/home/pranay/iitd/sem7/col788/STSW-STLKT01_V2.5.0/Drivers/BSP/Components/lsm303agr/lsm303agr.c:208:9:LSM303AGR_ACC_DeInit	16	static
/home/pranay/iitd/sem7/col788/STSW-STLKT01_V2.5.0/Drivers/BSP/Components/lsm303agr/lsm303agr.c:323:9:LSM303AGR_ACC_GetSensitivity	24	static
/home/pranay/iitd/sem7/col788/STSW-STLKT01_V2.5.0/Drivers/BSP/Components/lsm303agr/lsm303agr.c:884:9:LSM303AGR_MAG_Enable	8	static
/home/pranay/iitd/sem7/col788/STSW-STLKT01_V2.5.0/Drivers/BSP/Components/lsm303agr/lsm303agr.c:826:9:LSM303AGR_MAG_DeInit	8	static
/home/pranay/iitd/sem7/col788/STSW-STLKT01_V2.5.0/Drivers/BSP/Components/lsm303agr/lsm303agr.c:908:9:LSM303AGR_MAG_Disable	8	static
/home/pranay/iitd/sem7/col788/STSW-STLKT01_V2.5.0/Drivers/BSP/Components/lsm303agr/lsm303agr.c:292:9:LSM303AGR_ACC_Disable	16	static
/home/pranay/iitd/sem7/col788/STSW-STLKT01_V2.5.0/Drivers/BSP/Components/lsm303agr/lsm303agr.c:637:9:LSM303AGR_ACC_GetAxes	40	static
/home/pranay/iitd/sem7/col788/STSW-STLKT01_V2.5.0/Drivers/BSP/Components/lsm303agr/lsm303agr.c:112:9:LSM303AGR_ACC_RegisterBusIO	24	static
/home/pranay/iitd/sem7/col788/STSW-STLKT01_V2.5.0/Drivers/BSP/Components/lsm303agr/lsm303agr.c:669:9:LSM303AGR_ACC_Read_Reg	8	static
/home/pranay/iitd/sem7/col788/STSW-STLKT01_V2.5.0/Drivers/BSP/Components/lsm303agr/lsm303agr.c:686:9:LSM303AGR_ACC_Write_Reg	16	static
/home/pranay/iitd/sem7/col788/STSW-STLKT01_V2.5.0/Drivers/BSP/Components/lsm303agr/lsm303agr.c:702:9:LSM303AGR_ACC_Get_DRDY_Status	8	static
/home/pranay/iitd/sem7/col788/STSW-STLKT01_V2.5.0/Drivers/BSP/Components/lsm303agr/lsm303agr.c:718:9:LSM303AGR_ACC_Get_Init_Status	0	static
/home/pranay/iitd/sem7/col788/STSW-STLKT01_V2.5.0/Drivers/BSP/Components/lsm303agr/lsm303agr.c:735:9:LSM303AGR_MAG_RegisterBusIO	16	static
/home/pranay/iitd/sem7/col788/STSW-STLKT01_V2.5.0/Drivers/BSP/Components/lsm303agr/lsm303agr.c:1090:9:LSM303AGR_MAG_Read_Reg	8	static
/home/pranay/iitd/sem7/col788/STSW-STLKT01_V2.5.0/Drivers/BSP/Components/lsm303agr/lsm303agr.c:1107:9:LSM303AGR_MAG_Write_Reg	16	static
/home/pranay/iitd/sem7/col788/STSW-STLKT01_V2.5.0/Drivers/BSP/Components/lsm303agr/lsm303agr.c:1123:9:LSM303AGR_MAG_Get_DRDY_Status	8	static
/home/pranay/iitd/sem7/col788/STSW-STLKT01_V2.5.0/Drivers/BSP/Components/lsm303agr/lsm303agr.c:1139:9:LSM303AGR_MAG_Get_Init_Status	0	static
