/home/pranay/iitd/sem7/col788/STSW-STLKT01_V2.5.0/Projects/SensorTile/Applications/DataLog/Src/stm32l4xx_it.c:64:6:NMI_Handler	0	static
/home/pranay/iitd/sem7/col788/STSW-STLKT01_V2.5.0/Projects/SensorTile/Applications/DataLog/Src/stm32l4xx_it.c:73:6:HardFault_Handler	0	static
/home/pranay/iitd/sem7/col788/STSW-STLKT01_V2.5.0/Projects/SensorTile/Applications/DataLog/Src/stm32l4xx_it.c:86:6:MemManage_Handler	0	static
/home/pranay/iitd/sem7/col788/STSW-STLKT01_V2.5.0/Projects/SensorTile/Applications/DataLog/Src/stm32l4xx_it.c:99:6:BusFault_Handler	0	static
/home/pranay/iitd/sem7/col788/STSW-STLKT01_V2.5.0/Projects/SensorTile/Applications/DataLog/Src/stm32l4xx_it.c:112:6:UsageFault_Handler	0	static
/home/pranay/iitd/sem7/col788/STSW-STLKT01_V2.5.0/Projects/SensorTile/Applications/DataLog/Src/stm32l4xx_it.c:125:6:DebugMon_Handler	0	static
/home/pranay/iitd/sem7/col788/STSW-STLKT01_V2.5.0/Projects/SensorTile/Applications/DataLog/Src/stm32l4xx_it.c:134:6:SysTick_Handler	8	static
/home/pranay/iitd/sem7/col788/STSW-STLKT01_V2.5.0/Projects/SensorTile/Applications/DataLog/Src/stm32l4xx_it.c:152:6:OTG_FS_IRQHandler	0	static
/home/pranay/iitd/sem7/col788/STSW-STLKT01_V2.5.0/Projects/SensorTile/Applications/DataLog/Src/stm32l4xx_it.c:162:6:DMA2_Channel2_IRQHandler	0	static
/home/pranay/iitd/sem7/col788/STSW-STLKT01_V2.5.0/Projects/SensorTile/Applications/DataLog/Src/stm32l4xx_it.c:171:6:TIM3_IRQHandler	0	static
/home/pranay/iitd/sem7/col788/STSW-STLKT01_V2.5.0/Projects/SensorTile/Applications/DataLog/Src/stm32l4xx_it.c:181:6:EXTI2_IRQHandler	0	static
